=== Proc meminfo log for archive-sync ===

=== 2025-12-11 09:10:22 (Iteration 0, 0 min) ===
MemTotal:        8025424 kB
MemFree:          366456 kB
MemAvailable:    4764452 kB
Buffers:         1726752 kB
Cached:          1516624 kB
SwapCached:            0 kB
Active:          1968672 kB
Inactive:        4097352 kB
Active(anon):    1596724 kB
Inactive(anon):  1227028 kB
Active(file):     371948 kB
Inactive(file):  2870324 kB
Unevictable:           0 kB
Mlocked:               0 kB
SwapTotal:       1048572 kB
SwapFree:        1048304 kB
Zswap:                 0 kB
Zswapped:              0 kB
Dirty:               392 kB
Writeback:             0 kB
AnonPages:       2681780 kB
Mapped:           397312 kB
Shmem:              1104 kB
KReclaimable:    1358696 kB
Slab:            1476632 kB
SReclaimable:    1358696 kB
SUnreclaim:       117936 kB
KernelStack:       12352 kB
PageTables:        15656 kB
SecPageTables:         0 kB
NFS_Unstable:          0 kB
Bounce:                0 kB
WritebackTmp:          0 kB
CommitLimit:     5061284 kB
Committed_AS:    8983440 kB
VmallocTotal:   135288315904 kB
VmallocUsed:        6124 kB
VmallocChunk:          0 kB
Percpu:             5120 kB
AnonHugePages:   1232896 kB
ShmemHugePages:        0 kB
ShmemPmdMapped:        0 kB
FileHugePages:         0 kB
FilePmdMapped:         0 kB
HugePages_Total:       0
HugePages_Free:        0
HugePages_Rsvd:        0
HugePages_Surp:        0
Hugepagesize:       2048 kB
Hugetlb:               0 kB

=== 2025-12-11 09:10:38 (Iteration 1, 0 min) ===
MemTotal:        8025424 kB
MemFree:          291192 kB
MemAvailable:    4727996 kB
Buffers:         1732432 kB
Cached:          1549796 kB
SwapCached:            0 kB
Active:          2008988 kB
Inactive:        4135916 kB
Active(anon):    1636784 kB
Inactive(anon):  1227028 kB
Active(file):     372204 kB
Inactive(file):  2908888 kB
Unevictable:           0 kB
Mlocked:               0 kB
SwapTotal:       1048572 kB
SwapFree:        1048304 kB
Zswap:                 0 kB
Zswapped:              0 kB
Dirty:              1328 kB
Writeback:             0 kB
AnonPages:       2716864 kB
Mapped:           379292 kB
Shmem:              1140 kB
KReclaimable:    1358684 kB
Slab:            1478088 kB
SReclaimable:    1358684 kB
SUnreclaim:       119404 kB
KernelStack:       12048 kB
PageTables:        15300 kB
SecPageTables:         0 kB
NFS_Unstable:          0 kB
Bounce:                0 kB
WritebackTmp:          0 kB
CommitLimit:     5061284 kB
Committed_AS:    8512820 kB
VmallocTotal:   135288315904 kB
VmallocUsed:        6132 kB
VmallocChunk:          0 kB
Percpu:             5120 kB
AnonHugePages:   1224704 kB
ShmemHugePages:        0 kB
ShmemPmdMapped:        0 kB
FileHugePages:         0 kB
FilePmdMapped:         0 kB
HugePages_Total:       0
HugePages_Free:        0
HugePages_Rsvd:        0
HugePages_Surp:        0
Hugepagesize:       2048 kB
Hugetlb:               0 kB

=== 2025-12-11 09:10:53 (Iteration 2, 0 min) ===
MemTotal:        8025424 kB
MemFree:          195856 kB
MemAvailable:    4647532 kB
Buffers:         1738676 kB
Cached:          1558404 kB
SwapCached:            0 kB
Active:          2060592 kB
Inactive:        4150812 kB
Active(anon):    1688356 kB
Inactive(anon):  1227028 kB
Active(file):     372236 kB
Inactive(file):  2923784 kB
Unevictable:           0 kB
Mlocked:               0 kB
SwapTotal:       1048572 kB
SwapFree:        1048304 kB
Zswap:                 0 kB
Zswapped:              0 kB
Dirty:              5712 kB
Writeback:             0 kB
AnonPages:       2784200 kB
Mapped:           379048 kB
Shmem:              1060 kB
KReclaimable:    1358628 kB
Slab:            1478988 kB
SReclaimable:    1358628 kB
SUnreclaim:       120360 kB
KernelStack:       12032 kB
PageTables:        15264 kB
SecPageTables:         0 kB
NFS_Unstable:          0 kB
Bounce:                0 kB
WritebackTmp:          0 kB
CommitLimit:     5061284 kB
Committed_AS:    8514916 kB
VmallocTotal:   135288315904 kB
VmallocUsed:        6136 kB
VmallocChunk:          0 kB
Percpu:             5160 kB
AnonHugePages:   1239040 kB
ShmemHugePages:        0 kB
ShmemPmdMapped:        0 kB
FileHugePages:         0 kB
FilePmdMapped:         0 kB
HugePages_Total:       0
HugePages_Free:        0
HugePages_Rsvd:        0
HugePages_Surp:        0
Hugepagesize:       2048 kB
Hugetlb:               0 kB

=== 2025-12-11 09:11:08 (Iteration 3, 0 min) ===
MemTotal:        8025424 kB
MemFree:          215072 kB
MemAvailable:    4636432 kB
Buffers:         1744284 kB
Cached:          1522480 kB
SwapCached:            0 kB
Active:          2037284 kB
Inactive:        4118776 kB
Active(anon):    1665008 kB
Inactive(anon):  1225380 kB
Active(file):     372276 kB
Inactive(file):  2893396 kB
Unevictable:           0 kB
Mlocked:               0 kB
SwapTotal:       1048572 kB
SwapFree:        1048304 kB
Zswap:                 0 kB
Zswapped:              0 kB
Dirty:              6220 kB
Writeback:             0 kB
AnonPages:       2783552 kB
Mapped:           379040 kB
Shmem:              1056 kB
KReclaimable:    1358660 kB
Slab:            1480120 kB
SReclaimable:    1358660 kB
SUnreclaim:       121460 kB
KernelStack:       12048 kB
PageTables:        15264 kB
SecPageTables:         0 kB
NFS_Unstable:          0 kB
Bounce:                0 kB
WritebackTmp:          0 kB
CommitLimit:     5061284 kB
Committed_AS:    8514960 kB
VmallocTotal:   135288315904 kB
VmallocUsed:        6140 kB
VmallocChunk:          0 kB
Percpu:             5280 kB
AnonHugePages:   1267712 kB
ShmemHugePages:        0 kB
ShmemPmdMapped:        0 kB
FileHugePages:         0 kB
FilePmdMapped:         0 kB
HugePages_Total:       0
HugePages_Free:        0
HugePages_Rsvd:        0
HugePages_Surp:        0
Hugepagesize:       2048 kB
Hugetlb:               0 kB

=== 2025-12-11 09:11:23 (Iteration 4, 1 min) ===
MemTotal:        8025424 kB
MemFree:          218176 kB
MemAvailable:    4657912 kB
Buffers:         1750168 kB
Cached:          1534908 kB
SwapCached:            0 kB
Active:          2027972 kB
Inactive:        4136908 kB
Active(anon):    1655688 kB
Inactive(anon):  1225224 kB
Active(file):     372284 kB
Inactive(file):  2911684 kB
Unevictable:           0 kB
Mlocked:               0 kB
SwapTotal:       1048572 kB
SwapFree:        1048304 kB
Zswap:                 0 kB
Zswapped:              0 kB
Dirty:             48380 kB
Writeback:            16 kB
AnonPages:       2787668 kB
Mapped:           379376 kB
Shmem:              1052 kB
KReclaimable:    1358740 kB
Slab:            1480992 kB
SReclaimable:    1358740 kB
SUnreclaim:       122252 kB
KernelStack:       12096 kB
PageTables:        15512 kB
SecPageTables:         0 kB
NFS_Unstable:          0 kB
Bounce:                0 kB
WritebackTmp:          0 kB
CommitLimit:     5061284 kB
Committed_AS:    8514852 kB
VmallocTotal:   135288315904 kB
VmallocUsed:        6140 kB
VmallocChunk:          0 kB
Percpu:             5280 kB
AnonHugePages:   1284096 kB
ShmemHugePages:        0 kB
ShmemPmdMapped:        0 kB
FileHugePages:         0 kB
FilePmdMapped:         0 kB
HugePages_Total:       0
HugePages_Free:        0
HugePages_Rsvd:        0
HugePages_Surp:        0
Hugepagesize:       2048 kB
Hugetlb:               0 kB

=== 2025-12-11 09:11:38 (Iteration 5, 1 min) ===
MemTotal:        8025424 kB
MemFree:          251524 kB
MemAvailable:    4710068 kB
Buffers:         1756424 kB
Cached:          1547468 kB
SwapCached:            0 kB
Active:          2024096 kB
Inactive:        4154772 kB
Active(anon):    1651816 kB
Inactive(anon):  1224336 kB
Active(file):     372280 kB
Inactive(file):  2930436 kB
Unevictable:           0 kB
Mlocked:               0 kB
SwapTotal:       1048572 kB
SwapFree:        1048304 kB
Zswap:                 0 kB
Zswapped:              0 kB
Dirty:             13400 kB
Writeback:           112 kB
AnonPages:       2796008 kB
Mapped:           378852 kB
Shmem:              1052 kB
KReclaimable:    1358800 kB
Slab:            1481828 kB
SReclaimable:    1358800 kB
SUnreclaim:       123028 kB
KernelStack:       12064 kB
PageTables:        15392 kB
SecPageTables:         0 kB
NFS_Unstable:          0 kB
Bounce:                0 kB
WritebackTmp:          0 kB
CommitLimit:     5061284 kB
Committed_AS:    8515932 kB
VmallocTotal:   135288315904 kB
VmallocUsed:        6140 kB
VmallocChunk:          0 kB
Percpu:             5400 kB
AnonHugePages:   1312768 kB
ShmemHugePages:        0 kB
ShmemPmdMapped:        0 kB
FileHugePages:         0 kB
FilePmdMapped:         0 kB
HugePages_Total:       0
HugePages_Free:        0
HugePages_Rsvd:        0
HugePages_Surp:        0
Hugepagesize:       2048 kB
Hugetlb:               0 kB

=== 2025-12-11 09:11:54 (Iteration 6, 1 min) ===
MemTotal:        8025424 kB
MemFree:          214496 kB
MemAvailable:    4691452 kB
Buffers:         1762312 kB
Cached:          1560020 kB
SwapCached:            0 kB
Active:          2034548 kB
Inactive:        4173012 kB
Active(anon):    1662268 kB
Inactive(anon):  1224068 kB
Active(file):     372280 kB
Inactive(file):  2948944 kB
Unevictable:           0 kB
Mlocked:               0 kB
SwapTotal:       1048572 kB
SwapFree:        1048304 kB
Zswap:                 0 kB
Zswapped:              0 kB
Dirty:             51800 kB
Writeback:           148 kB
AnonPages:       2804976 kB
Mapped:           378768 kB
Shmem:              1060 kB
KReclaimable:    1358704 kB
Slab:            1482252 kB
SReclaimable:    1358704 kB
SUnreclaim:       123548 kB
KernelStack:       12080 kB
PageTables:        15168 kB
SecPageTables:         0 kB
NFS_Unstable:          0 kB
Bounce:                0 kB
WritebackTmp:          0 kB
CommitLimit:     5061284 kB
Committed_AS:    8514956 kB
VmallocTotal:   135288315904 kB
VmallocUsed:        6140 kB
VmallocChunk:          0 kB
Percpu:             5400 kB
AnonHugePages:   1323008 kB
ShmemHugePages:        0 kB
ShmemPmdMapped:        0 kB
FileHugePages:         0 kB
FilePmdMapped:         0 kB
HugePages_Total:       0
HugePages_Free:        0
HugePages_Rsvd:        0
HugePages_Surp:        0
Hugepagesize:       2048 kB
Hugetlb:               0 kB

=== 2025-12-11 09:12:09 (Iteration 7, 1 min) ===
MemTotal:        8025424 kB
MemFree:          161968 kB
MemAvailable:    4624892 kB
Buffers:         1768332 kB
Cached:          1539956 kB
SwapCached:            0 kB
Active:          2045592 kB
Inactive:        4158208 kB
Active(anon):    1673304 kB
Inactive(anon):  1223396 kB
Active(file):     372288 kB
Inactive(file):  2934812 kB
Unevictable:           0 kB
Mlocked:               0 kB
SwapTotal:       1048572 kB
SwapFree:        1048304 kB
Zswap:                 0 kB
Zswapped:              0 kB
Dirty:             17672 kB
Writeback:           108 kB
AnonPages:       2815016 kB
Mapped:           378772 kB
Shmem:              1072 kB
KReclaimable:    1358796 kB
Slab:            1482796 kB
SReclaimable:    1358796 kB
SUnreclaim:       124000 kB
KernelStack:       12112 kB
PageTables:        15548 kB
SecPageTables:         0 kB
NFS_Unstable:          0 kB
Bounce:                0 kB
WritebackTmp:          0 kB
CommitLimit:     5061284 kB
Committed_AS:    8514848 kB
VmallocTotal:   135288315904 kB
VmallocUsed:        6140 kB
VmallocChunk:          0 kB
Percpu:             5400 kB
AnonHugePages:   1335296 kB
ShmemHugePages:        0 kB
ShmemPmdMapped:        0 kB
FileHugePages:         0 kB
FilePmdMapped:         0 kB
HugePages_Total:       0
HugePages_Free:        0
HugePages_Rsvd:        0
HugePages_Surp:        0
Hugepagesize:       2048 kB
Hugetlb:               0 kB

=== 2025-12-11 09:12:24 (Iteration 8, 2 min) ===
MemTotal:        8025424 kB
MemFree:          207840 kB
MemAvailable:    4651000 kB
Buffers:         1774196 kB
Cached:          1514304 kB
SwapCached:            0 kB
Active:          2087424 kB
Inactive:        4095660 kB
Active(anon):    1676376 kB
Inactive(anon):  1219300 kB
Active(file):     411048 kB
Inactive(file):  2876360 kB
Unevictable:           0 kB
Mlocked:               0 kB
SwapTotal:       1048572 kB
SwapFree:        1048304 kB
Zswap:                 0 kB
Zswapped:              0 kB
Dirty:             51244 kB
Writeback:             0 kB
AnonPages:       2813768 kB
Mapped:           379052 kB
Shmem:              1056 kB
KReclaimable:    1358724 kB
Slab:            1482596 kB
SReclaimable:    1358724 kB
SUnreclaim:       123872 kB
KernelStack:       12048 kB
PageTables:        15420 kB
SecPageTables:         0 kB
NFS_Unstable:          0 kB
Bounce:                0 kB
WritebackTmp:          0 kB
CommitLimit:     5061284 kB
Committed_AS:    8514856 kB
VmallocTotal:   135288315904 kB
VmallocUsed:        6132 kB
VmallocChunk:          0 kB
Percpu:             5400 kB
AnonHugePages:   1337344 kB
ShmemHugePages:        0 kB
ShmemPmdMapped:        0 kB
FileHugePages:         0 kB
FilePmdMapped:         0 kB
HugePages_Total:       0
HugePages_Free:        0
HugePages_Rsvd:        0
HugePages_Surp:        0
Hugepagesize:       2048 kB
Hugetlb:               0 kB

=== 2025-12-11 09:12:39 (Iteration 9, 2 min) ===
MemTotal:        8025424 kB
MemFree:          199192 kB
MemAvailable:    4648408 kB
Buffers:         1780288 kB
Cached:          1514408 kB
SwapCached:            0 kB
Active:          2053956 kB
Inactive:        4140268 kB
Active(anon):    1681652 kB
Inactive(anon):  1219152 kB
Active(file):     372304 kB
Inactive(file):  2921116 kB
Unevictable:           0 kB
Mlocked:               0 kB
SwapTotal:       1048572 kB
SwapFree:        1048304 kB
Zswap:                 0 kB
Zswapped:              0 kB
Dirty:             30676 kB
Writeback:           176 kB
AnonPages:       2820336 kB
Mapped:           379004 kB
Shmem:              1120 kB
KReclaimable:    1358768 kB
Slab:            1482828 kB
SReclaimable:    1358768 kB
SUnreclaim:       124060 kB
KernelStack:       12128 kB
PageTables:        15492 kB
SecPageTables:         0 kB
NFS_Unstable:          0 kB
Bounce:                0 kB
WritebackTmp:          0 kB
CommitLimit:     5061284 kB
Committed_AS:    8515936 kB
VmallocTotal:   135288315904 kB
VmallocUsed:        6124 kB
VmallocChunk:          0 kB
Percpu:             5400 kB
AnonHugePages:   1341440 kB
ShmemHugePages:        0 kB
ShmemPmdMapped:        0 kB
FileHugePages:         0 kB
FilePmdMapped:         0 kB
HugePages_Total:       0
HugePages_Free:        0
HugePages_Rsvd:        0
HugePages_Surp:        0
Hugepagesize:       2048 kB
Hugetlb:               0 kB

=== 2025-12-11 09:12:55 (Iteration 10, 2 min) ===
MemTotal:        8025424 kB
MemFree:          215164 kB
MemAvailable:    4645976 kB
Buffers:         1786876 kB
Cached:          1489084 kB
SwapCached:            0 kB
Active:          2109628 kB
Inactive:        4065056 kB
Active(anon):    1688972 kB
Inactive(anon):  1210812 kB
Active(file):     420656 kB
Inactive(file):  2854244 kB
Unevictable:           0 kB
Mlocked:               0 kB
SwapTotal:       1048572 kB
SwapFree:        1048304 kB
Zswap:                 0 kB
Zswapped:              0 kB
Dirty:             72004 kB
Writeback:             0 kB
AnonPages:       2820248 kB
Mapped:           378772 kB
Shmem:              1056 kB
KReclaimable:    1358884 kB
Slab:            1482184 kB
SReclaimable:    1358884 kB
SUnreclaim:       123300 kB
KernelStack:       12048 kB
PageTables:        15264 kB
SecPageTables:         0 kB
NFS_Unstable:          0 kB
Bounce:                0 kB
WritebackTmp:          0 kB
CommitLimit:     5061284 kB
Committed_AS:    8514964 kB
VmallocTotal:   135288315904 kB
VmallocUsed:        6120 kB
VmallocChunk:          0 kB
Percpu:             5000 kB
AnonHugePages:   1343488 kB
ShmemHugePages:        0 kB
ShmemPmdMapped:        0 kB
FileHugePages:         0 kB
FilePmdMapped:         0 kB
HugePages_Total:       0
HugePages_Free:        0
HugePages_Rsvd:        0
HugePages_Surp:        0
Hugepagesize:       2048 kB
Hugetlb:               0 kB

=== 2025-12-11 09:13:11 (Iteration 11, 2 min) ===
MemTotal:        8025424 kB
MemFree:           82560 kB
MemAvailable:    4513724 kB
Buffers:         1792856 kB
Cached:          1483688 kB
SwapCached:            0 kB
Active:          2209940 kB
Inactive:        4113916 kB
Active(anon):    1837636 kB
Inactive(anon):  1210812 kB
Active(file):     372304 kB
Inactive(file):  2903104 kB
Unevictable:           0 kB
Mlocked:               0 kB
SwapTotal:       1048572 kB
SwapFree:        1048304 kB
Zswap:                 0 kB
Zswapped:              0 kB
Dirty:             34000 kB
Writeback:             0 kB
AnonPages:       2968680 kB
Mapped:           378804 kB
Shmem:              1060 kB
KReclaimable:    1358728 kB
Slab:            1482616 kB
SReclaimable:    1358728 kB
SUnreclaim:       123888 kB
KernelStack:       12464 kB
PageTables:        16040 kB
SecPageTables:         0 kB
NFS_Unstable:          0 kB
Bounce:                0 kB
WritebackTmp:          0 kB
CommitLimit:     5061284 kB
Committed_AS:    9058736 kB
VmallocTotal:   135288315904 kB
VmallocUsed:        6120 kB
VmallocChunk:          0 kB
Percpu:             5000 kB
AnonHugePages:   1343488 kB
ShmemHugePages:        0 kB
ShmemPmdMapped:        0 kB
FileHugePages:         0 kB
FilePmdMapped:         0 kB
HugePages_Total:       0
HugePages_Free:        0
HugePages_Rsvd:        0
HugePages_Surp:        0
Hugepagesize:       2048 kB
Hugetlb:               0 kB

=== 2025-12-11 09:13:26 (Iteration 12, 3 min) ===
MemTotal:        8025424 kB
MemFree:          105744 kB
MemAvailable:    4542392 kB
Buffers:         1798812 kB
Cached:          1483020 kB
SwapCached:            0 kB
Active:          2224116 kB
Inactive:        4083964 kB
Active(anon):    1816548 kB
Inactive(anon):  1210812 kB
Active(file):     407568 kB
Inactive(file):  2873152 kB
Unevictable:           0 kB
Mlocked:               0 kB
SwapTotal:       1048572 kB
SwapFree:        1048304 kB
Zswap:                 0 kB
Zswapped:              0 kB
Dirty:             74272 kB
Writeback:             0 kB
AnonPages:       2947608 kB
Mapped:           378820 kB
Shmem:              1060 kB
KReclaimable:    1358900 kB
Slab:            1483312 kB
SReclaimable:    1358900 kB
SUnreclaim:       124412 kB
KernelStack:       12688 kB
PageTables:        15988 kB
SecPageTables:         0 kB
NFS_Unstable:          0 kB
Bounce:                0 kB
WritebackTmp:          0 kB
CommitLimit:     5061284 kB
Committed_AS:    9056628 kB
VmallocTotal:   135288315904 kB
VmallocUsed:        6120 kB
VmallocChunk:          0 kB
Percpu:             5000 kB
AnonHugePages:   1341440 kB
ShmemHugePages:        0 kB
ShmemPmdMapped:        0 kB
FileHugePages:         0 kB
FilePmdMapped:         0 kB
HugePages_Total:       0
HugePages_Free:        0
HugePages_Rsvd:        0
HugePages_Surp:        0
Hugepagesize:       2048 kB
Hugetlb:               0 kB

=== 2025-12-11 09:13:41 (Iteration 13, 3 min) ===
MemTotal:        8025424 kB
MemFree:          164132 kB
MemAvailable:    4630604 kB
Buffers:         1804536 kB
Cached:          1507268 kB
SwapCached:            0 kB
Active:          2100716 kB
Inactive:        4149228 kB
Active(anon):    1728412 kB
Inactive(anon):  1210812 kB
Active(file):     372304 kB
Inactive(file):  2938416 kB
Unevictable:           0 kB
Mlocked:               0 kB
SwapTotal:       1048572 kB
SwapFree:        1048304 kB
Zswap:                 0 kB
Zswapped:              0 kB
Dirty:             35732 kB
Writeback:             0 kB
AnonPages:       2858572 kB
Mapped:           378848 kB
Shmem:              1064 kB
KReclaimable:    1358724 kB
Slab:            1482820 kB
SReclaimable:    1358724 kB
SUnreclaim:       124096 kB
KernelStack:       12656 kB
PageTables:        15808 kB
SecPageTables:         0 kB
NFS_Unstable:          0 kB
Bounce:                0 kB
WritebackTmp:          0 kB
CommitLimit:     5061284 kB
Committed_AS:    9033244 kB
VmallocTotal:   135288315904 kB
VmallocUsed:        6120 kB
VmallocChunk:          0 kB
Percpu:             5000 kB
AnonHugePages:   1335296 kB
ShmemHugePages:        0 kB
ShmemPmdMapped:        0 kB
FileHugePages:         0 kB
FilePmdMapped:         0 kB
HugePages_Total:       0
HugePages_Free:        0
HugePages_Rsvd:        0
HugePages_Surp:        0
Hugepagesize:       2048 kB
Hugetlb:               0 kB

=== 2025-12-11 09:13:56 (Iteration 14, 3 min) ===
MemTotal:        8025424 kB
MemFree:          233904 kB
MemAvailable:    4672792 kB
Buffers:         1810444 kB
Cached:          1473728 kB
SwapCached:            0 kB
Active:          2082332 kB
Inactive:        4106740 kB
Active(anon):    1695152 kB
Inactive(anon):  1210812 kB
Active(file):     387180 kB
Inactive(file):  2895928 kB
Unevictable:           0 kB
Mlocked:               0 kB
SwapTotal:       1048572 kB
SwapFree:        1048304 kB
Zswap:                 0 kB
Zswapped:              0 kB
Dirty:             67368 kB
Writeback:            24 kB
AnonPages:       2824984 kB
Mapped:           380668 kB
Shmem:              1064 kB
KReclaimable:    1358752 kB
Slab:            1483320 kB
SReclaimable:    1358752 kB
SUnreclaim:       124568 kB
KernelStack:       12128 kB
PageTables:        15900 kB
SecPageTables:         0 kB
NFS_Unstable:          0 kB
Bounce:                0 kB
WritebackTmp:          0 kB
CommitLimit:     5061284 kB
Committed_AS:    9654876 kB
VmallocTotal:   135288315904 kB
VmallocUsed:        6120 kB
VmallocChunk:          0 kB
Percpu:             5000 kB
AnonHugePages:   1335296 kB
ShmemHugePages:        0 kB
ShmemPmdMapped:        0 kB
FileHugePages:         0 kB
FilePmdMapped:         0 kB
HugePages_Total:       0
HugePages_Free:        0
HugePages_Rsvd:        0
HugePages_Surp:        0
Hugepagesize:       2048 kB
Hugetlb:               0 kB

=== 2025-12-11 09:14:11 (Iteration 15, 3 min) ===
MemTotal:        8025424 kB
MemFree:          182652 kB
MemAvailable:    4656332 kB
Buffers:         1816396 kB
Cached:          1502448 kB
SwapCached:            0 kB
Active:          2068136 kB
Inactive:        4155868 kB
Active(anon):    1695724 kB
Inactive(anon):  1210504 kB
Active(file):     372412 kB
Inactive(file):  2945364 kB
Unevictable:           0 kB
Mlocked:               0 kB
SwapTotal:       1048572 kB
SwapFree:        1048304 kB
Zswap:                 0 kB
Zswapped:              0 kB
Dirty:             39964 kB
Writeback:             4 kB
AnonPages:       2825056 kB
Mapped:           378960 kB
Shmem:              1060 kB
KReclaimable:    1358876 kB
Slab:            1482572 kB
SReclaimable:    1358876 kB
SUnreclaim:       123696 kB
KernelStack:       12080 kB
PageTables:        15388 kB
SecPageTables:         0 kB
NFS_Unstable:          0 kB
Bounce:                0 kB
WritebackTmp:          0 kB
CommitLimit:     5061284 kB
Committed_AS:    8516904 kB
VmallocTotal:   135288315904 kB
VmallocUsed:        6120 kB
VmallocChunk:          0 kB
Percpu:             5000 kB
AnonHugePages:   1343488 kB
ShmemHugePages:        0 kB
ShmemPmdMapped:        0 kB
FileHugePages:         0 kB
FilePmdMapped:         0 kB
HugePages_Total:       0
HugePages_Free:        0
HugePages_Rsvd:        0
HugePages_Surp:        0
Hugepagesize:       2048 kB
Hugetlb:               0 kB

=== 2025-12-11 09:14:26 (Iteration 16, 4 min) ===
MemTotal:        8025424 kB
MemFree:          223932 kB
MemAvailable:    4674904 kB
Buffers:         1822348 kB
Cached:          1473920 kB
SwapCached:            0 kB
Active:          2082380 kB
Inactive:        4119176 kB
Active(anon):    1696036 kB
Inactive(anon):  1210372 kB
Active(file):     386344 kB
Inactive(file):  2908804 kB
Unevictable:           0 kB
Mlocked:               0 kB
SwapTotal:       1048572 kB
SwapFree:        1048304 kB
Zswap:                 0 kB
Zswapped:              0 kB
Dirty:             68904 kB
Writeback:             0 kB
AnonPages:       2825060 kB
Mapped:           379016 kB
Shmem:              1048 kB
KReclaimable:    1358796 kB
Slab:            1482932 kB
SReclaimable:    1358796 kB
SUnreclaim:       124136 kB
KernelStack:       12112 kB
PageTables:        16196 kB
SecPageTables:         0 kB
NFS_Unstable:          0 kB
Bounce:                0 kB
WritebackTmp:          0 kB
CommitLimit:     5061284 kB
Committed_AS:    9385636 kB
VmallocTotal:   135288315904 kB
VmallocUsed:        6120 kB
VmallocChunk:          0 kB
Percpu:             5000 kB
AnonHugePages:   1359872 kB
ShmemHugePages:        0 kB
ShmemPmdMapped:        0 kB
FileHugePages:         0 kB
FilePmdMapped:         0 kB
HugePages_Total:       0
HugePages_Free:        0
HugePages_Rsvd:        0
HugePages_Surp:        0
Hugepagesize:       2048 kB
Hugetlb:               0 kB

=== 2025-12-11 09:14:41 (Iteration 17, 4 min) ===
MemTotal:        8025424 kB
MemFree:          179856 kB
MemAvailable:    4642064 kB
Buffers:         1828068 kB
Cached:          1479332 kB
SwapCached:            0 kB
Active:          2068672 kB
Inactive:        4143940 kB
Active(anon):    1696340 kB
Inactive(anon):  1209896 kB
Active(file):     372332 kB
Inactive(file):  2934044 kB
Unevictable:           0 kB
Mlocked:               0 kB
SwapTotal:       1048572 kB
SwapFree:        1048304 kB
Zswap:                 0 kB
Zswapped:              0 kB
Dirty:             25064 kB
Writeback:             0 kB
AnonPages:       2822584 kB
Mapped:           379092 kB
Shmem:              1028 kB
KReclaimable:    1358804 kB
Slab:            1482700 kB
SReclaimable:    1358804 kB
SUnreclaim:       123896 kB
KernelStack:       12064 kB
PageTables:        15236 kB
SecPageTables:         0 kB
NFS_Unstable:          0 kB
Bounce:                0 kB
WritebackTmp:          0 kB
CommitLimit:     5061284 kB
Committed_AS:    8515928 kB
VmallocTotal:   135288315904 kB
VmallocUsed:        6120 kB
VmallocChunk:          0 kB
Percpu:             5000 kB
AnonHugePages:   1376256 kB
ShmemHugePages:        0 kB
ShmemPmdMapped:        0 kB
FileHugePages:         0 kB
FilePmdMapped:         0 kB
HugePages_Total:       0
HugePages_Free:        0
HugePages_Rsvd:        0
HugePages_Surp:        0
Hugepagesize:       2048 kB
Hugetlb:               0 kB

=== 2025-12-11 09:14:56 (Iteration 18, 4 min) ===
MemTotal:        8025424 kB
MemFree:          204248 kB
MemAvailable:    4662408 kB
Buffers:         1834408 kB
Cached:          1469012 kB
SwapCached:            0 kB
Active:          2101396 kB
Inactive:        4106548 kB
Active(anon):    1696240 kB
Inactive(anon):  1209368 kB
Active(file):     405156 kB
Inactive(file):  2897180 kB
Unevictable:           0 kB
Mlocked:               0 kB
SwapTotal:       1048572 kB
SwapFree:        1048304 kB
Zswap:                 0 kB
Zswapped:              0 kB
Dirty:             64920 kB
Writeback:             0 kB
AnonPages:       2821412 kB
Mapped:           378764 kB
Shmem:              1060 kB
KReclaimable:    1358796 kB
Slab:            1482036 kB
SReclaimable:    1358796 kB
SUnreclaim:       123240 kB
KernelStack:       12048 kB
PageTables:        15276 kB
SecPageTables:         0 kB
NFS_Unstable:          0 kB
Bounce:                0 kB
WritebackTmp:          0 kB
CommitLimit:     5061284 kB
Committed_AS:    8800300 kB
VmallocTotal:   135288315904 kB
VmallocUsed:        6120 kB
VmallocChunk:          0 kB
Percpu:             5000 kB
AnonHugePages:   1382400 kB
ShmemHugePages:        0 kB
ShmemPmdMapped:        0 kB
FileHugePages:         0 kB
FilePmdMapped:         0 kB
HugePages_Total:       0
HugePages_Free:        0
HugePages_Rsvd:        0
HugePages_Surp:        0
Hugepagesize:       2048 kB
Hugetlb:               0 kB

=== 2025-12-11 09:15:12 (Iteration 19, 4 min) ===
MemTotal:        8025424 kB
MemFree:          196452 kB
MemAvailable:    4652376 kB
Buffers:         1840548 kB
Cached:          1460572 kB
SwapCached:            0 kB
Active:          2075752 kB
Inactive:        4132428 kB
Active(anon):    1698776 kB
Inactive(anon):  1209368 kB
Active(file):     376976 kB
Inactive(file):  2923060 kB
Unevictable:           0 kB
Mlocked:               0 kB
SwapTotal:       1048572 kB
SwapFree:        1048304 kB
Zswap:                 0 kB
Zswapped:              0 kB
Dirty:             44344 kB
Writeback:             0 kB
AnonPages:       2823808 kB
Mapped:           378884 kB
Shmem:              1068 kB
KReclaimable:    1358860 kB
Slab:            1483048 kB
SReclaimable:    1358860 kB
SUnreclaim:       124188 kB
KernelStack:       12112 kB
PageTables:        15320 kB
SecPageTables:         0 kB
NFS_Unstable:          0 kB
Bounce:                0 kB
WritebackTmp:          0 kB
CommitLimit:     5061284 kB
Committed_AS:    8515936 kB
VmallocTotal:   135288315904 kB
VmallocUsed:        6120 kB
VmallocChunk:          0 kB
Percpu:             5000 kB
AnonHugePages:   1382400 kB
ShmemHugePages:        0 kB
ShmemPmdMapped:        0 kB
FileHugePages:         0 kB
FilePmdMapped:         0 kB
HugePages_Total:       0
HugePages_Free:        0
HugePages_Rsvd:        0
HugePages_Surp:        0
Hugepagesize:       2048 kB
Hugetlb:               0 kB

=== 2025-12-11 09:15:27 (Iteration 20, 5 min) ===
MemTotal:        8025424 kB
MemFree:          230656 kB
MemAvailable:    4662508 kB
Buffers:         1847028 kB
Cached:          1430196 kB
SwapCached:            0 kB
Active:          2096892 kB
Inactive:        4097576 kB
Active(anon):    1709020 kB
Inactive(anon):  1209368 kB
Active(file):     387872 kB
Inactive(file):  2888208 kB
Unevictable:           0 kB
Mlocked:               0 kB
SwapTotal:       1048572 kB
SwapFree:        1048304 kB
Zswap:                 0 kB
Zswapped:              0 kB
Dirty:             41920 kB
Writeback:             0 kB
AnonPages:       2834252 kB
Mapped:           390016 kB
Shmem:              1100 kB
KReclaimable:    1358744 kB
Slab:            1482724 kB
SReclaimable:    1358744 kB
SUnreclaim:       123980 kB
KernelStack:       12400 kB
PageTables:        15604 kB
SecPageTables:         0 kB
NFS_Unstable:          0 kB
Bounce:                0 kB
WritebackTmp:          0 kB
CommitLimit:     5061284 kB
Committed_AS:    8950916 kB
VmallocTotal:   135288315904 kB
VmallocUsed:        6124 kB
VmallocChunk:          0 kB
Percpu:             5000 kB
AnonHugePages:   1382400 kB
ShmemHugePages:        0 kB
ShmemPmdMapped:        0 kB
FileHugePages:         0 kB
FilePmdMapped:         0 kB
HugePages_Total:       0
HugePages_Free:        0
HugePages_Rsvd:        0
HugePages_Surp:        0
Hugepagesize:       2048 kB
Hugetlb:               0 kB

=== 2025-12-11 09:15:43 (Iteration 21, 5 min) ===
MemTotal:        8025424 kB
MemFree:          265760 kB
MemAvailable:    4667420 kB
Buffers:         1853072 kB
Cached:          1394016 kB
SwapCached:            0 kB
Active:          2084280 kB
Inactive:        4073124 kB
Active(anon):    1702116 kB
Inactive(anon):  1209368 kB
Active(file):     382164 kB
Inactive(file):  2863756 kB
Unevictable:           0 kB
Mlocked:               0 kB
SwapTotal:       1048572 kB
SwapFree:        1048304 kB
Zswap:                 0 kB
Zswapped:              0 kB
Dirty:             40520 kB
Writeback:             0 kB
AnonPages:       2827116 kB
Mapped:           378596 kB
Shmem:              1064 kB
KReclaimable:    1358712 kB
Slab:            1482756 kB
SReclaimable:    1358712 kB
SUnreclaim:       124044 kB
KernelStack:       12112 kB
PageTables:        15432 kB
SecPageTables:         0 kB
NFS_Unstable:          0 kB
Bounce:                0 kB
WritebackTmp:          0 kB
CommitLimit:     5061284 kB
Committed_AS:    8524200 kB
VmallocTotal:   135288315904 kB
VmallocUsed:        6120 kB
VmallocChunk:          0 kB
Percpu:             5000 kB
AnonHugePages:   1382400 kB
ShmemHugePages:        0 kB
ShmemPmdMapped:        0 kB
FileHugePages:         0 kB
FilePmdMapped:         0 kB
HugePages_Total:       0
HugePages_Free:        0
HugePages_Rsvd:        0
HugePages_Surp:        0
Hugepagesize:       2048 kB
Hugetlb:               0 kB

=== 2025-12-11 09:15:58 (Iteration 22, 5 min) ===
MemTotal:        8025424 kB
MemFree:          197556 kB
MemAvailable:    4621520 kB
Buffers:         1859612 kB
Cached:          1409488 kB
SwapCached:            0 kB
Active:          2104776 kB
Inactive:        4072480 kB
Active(anon):    1699844 kB
Inactive(anon):  1209368 kB
Active(file):     404932 kB
Inactive(file):  2863112 kB
Unevictable:           0 kB
Mlocked:               0 kB
SwapTotal:       1048572 kB
SwapFree:        1048304 kB
Zswap:                 0 kB
Zswapped:              0 kB
Dirty:             83244 kB
Writeback:             0 kB
AnonPages:       2824924 kB
Mapped:           378784 kB
Shmem:              1056 kB
KReclaimable:    1358892 kB
Slab:            1482604 kB
SReclaimable:    1358892 kB
SUnreclaim:       123712 kB
KernelStack:       12016 kB
PageTables:        15268 kB
SecPageTables:         0 kB
NFS_Unstable:          0 kB
Bounce:                0 kB
WritebackTmp:          0 kB
CommitLimit:     5061284 kB
Committed_AS:    8524204 kB
VmallocTotal:   135288315904 kB
VmallocUsed:        6120 kB
VmallocChunk:          0 kB
Percpu:             5000 kB
AnonHugePages:   1382400 kB
ShmemHugePages:        0 kB
ShmemPmdMapped:        0 kB
FileHugePages:         0 kB
FilePmdMapped:         0 kB
HugePages_Total:       0
HugePages_Free:        0
HugePages_Rsvd:        0
HugePages_Surp:        0
Hugepagesize:       2048 kB
Hugetlb:               0 kB

=== 2025-12-11 09:16:14 (Iteration 23, 5 min) ===
MemTotal:        8025424 kB
MemFree:          234720 kB
MemAvailable:    4646368 kB
Buffers:         1865348 kB
Cached:          1391640 kB
SwapCached:            0 kB
Active:          2081776 kB
Inactive:        4087216 kB
Active(anon):    1703732 kB
Inactive(anon):  1209368 kB
Active(file):     378044 kB
Inactive(file):  2877848 kB
Unevictable:           0 kB
Mlocked:               0 kB
SwapTotal:       1048572 kB
SwapFree:        1048304 kB
Zswap:                 0 kB
Zswapped:              0 kB
Dirty:             36060 kB
Writeback:             0 kB
AnonPages:       2828684 kB
Mapped:           379092 kB
Shmem:              1056 kB
KReclaimable:    1358728 kB
Slab:            1482392 kB
SReclaimable:    1358728 kB
SUnreclaim:       123664 kB
KernelStack:       12048 kB
PageTables:        15604 kB
SecPageTables:         0 kB
NFS_Unstable:          0 kB
Bounce:                0 kB
WritebackTmp:          0 kB
CommitLimit:     5061284 kB
Committed_AS:    8667216 kB
VmallocTotal:   135288315904 kB
VmallocUsed:        6120 kB
VmallocChunk:          0 kB
Percpu:             5000 kB
AnonHugePages:   1382400 kB
ShmemHugePages:        0 kB
ShmemPmdMapped:        0 kB
FileHugePages:         0 kB
FilePmdMapped:         0 kB
HugePages_Total:       0
HugePages_Free:        0
HugePages_Rsvd:        0
HugePages_Surp:        0
Hugepagesize:       2048 kB
Hugetlb:               0 kB

=== 2025-12-11 09:16:29 (Iteration 24, 6 min) ===
MemTotal:        8025424 kB
MemFree:          208240 kB
MemAvailable:    4606836 kB
Buffers:         1871496 kB
Cached:          1372292 kB
SwapCached:            0 kB
Active:          2126904 kB
Inactive:        4052476 kB
Active(anon):    1727328 kB
Inactive(anon):  1209368 kB
Active(file):     399576 kB
Inactive(file):  2843108 kB
Unevictable:           0 kB
Mlocked:               0 kB
SwapTotal:       1048572 kB
SwapFree:        1048304 kB
Zswap:                 0 kB
Zswapped:              0 kB
Dirty:             73444 kB
Writeback:             0 kB
AnonPages:       2850696 kB
Mapped:           396536 kB
Shmem:              1100 kB
KReclaimable:    1358884 kB
Slab:            1482780 kB
SReclaimable:    1358884 kB
SUnreclaim:       123896 kB
KernelStack:       12416 kB
PageTables:        15732 kB
SecPageTables:         0 kB
NFS_Unstable:          0 kB
Bounce:                0 kB
WritebackTmp:          0 kB
CommitLimit:     5061284 kB
Committed_AS:    9021132 kB
VmallocTotal:   135288315904 kB
VmallocUsed:        6124 kB
VmallocChunk:          0 kB
Percpu:             5000 kB
AnonHugePages:   1382400 kB
ShmemHugePages:        0 kB
ShmemPmdMapped:        0 kB
FileHugePages:         0 kB
FilePmdMapped:         0 kB
HugePages_Total:       0
HugePages_Free:        0
HugePages_Rsvd:        0
HugePages_Surp:        0
Hugepagesize:       2048 kB
Hugetlb:               0 kB

=== 2025-12-11 09:16:45 (Iteration 25, 6 min) ===
MemTotal:        8025424 kB
MemFree:          231560 kB
MemAvailable:    4644420 kB
Buffers:         1877192 kB
Cached:          1380948 kB
SwapCached:            0 kB
Active:          2079296 kB
Inactive:        4094104 kB
Active(anon):    1706952 kB
Inactive(anon):  1209368 kB
Active(file):     372344 kB
Inactive(file):  2884736 kB
Unevictable:           0 kB
Mlocked:               0 kB
SwapTotal:       1048572 kB
SwapFree:        1048304 kB
Zswap:                 0 kB
Zswapped:              0 kB
Dirty:             35040 kB
Writeback:             0 kB
AnonPages:       2830468 kB
Mapped:           378856 kB
Shmem:              1060 kB
KReclaimable:    1358752 kB
Slab:            1482544 kB
SReclaimable:    1358752 kB
SUnreclaim:       123792 kB
KernelStack:       11984 kB
PageTables:        15376 kB
SecPageTables:         0 kB
NFS_Unstable:          0 kB
Bounce:                0 kB
WritebackTmp:          0 kB
CommitLimit:     5061284 kB
Committed_AS:    8807712 kB
VmallocTotal:   135288315904 kB
VmallocUsed:        6120 kB
VmallocChunk:          0 kB
Percpu:             5000 kB
AnonHugePages:   1382400 kB
ShmemHugePages:        0 kB
ShmemPmdMapped:        0 kB
FileHugePages:         0 kB
FilePmdMapped:         0 kB
HugePages_Total:       0
HugePages_Free:        0
HugePages_Rsvd:        0
HugePages_Surp:        0
Hugepagesize:       2048 kB
Hugetlb:               0 kB

=== 2025-12-11 09:17:00 (Iteration 26, 6 min) ===
MemTotal:        8025424 kB
MemFree:          120284 kB
MemAvailable:    4559792 kB
Buffers:         1882936 kB
Cached:          1401736 kB
SwapCached:            0 kB
Active:          2188768 kB
Inactive:        4101016 kB
Active(anon):    1796808 kB
Inactive(anon):  1209368 kB
Active(file):     391960 kB
Inactive(file):  2891648 kB
Unevictable:           0 kB
Mlocked:               0 kB
SwapTotal:       1048572 kB
SwapFree:        1048304 kB
Zswap:                 0 kB
Zswapped:              0 kB
Dirty:             74548 kB
Writeback:             0 kB
AnonPages:       2920204 kB
Mapped:           378932 kB
Shmem:              1060 kB
KReclaimable:    1358872 kB
Slab:            1482840 kB
SReclaimable:    1358872 kB
SUnreclaim:       123968 kB
KernelStack:       12576 kB
PageTables:        16040 kB
SecPageTables:         0 kB
NFS_Unstable:          0 kB
Bounce:                0 kB
WritebackTmp:          0 kB
CommitLimit:     5061284 kB
Committed_AS:    9341836 kB
VmallocTotal:   135288315904 kB
VmallocUsed:        6120 kB
VmallocChunk:          0 kB
Percpu:             5000 kB
AnonHugePages:   1382400 kB
ShmemHugePages:        0 kB
ShmemPmdMapped:        0 kB
FileHugePages:         0 kB
FilePmdMapped:         0 kB
HugePages_Total:       0
HugePages_Free:        0
HugePages_Rsvd:        0
HugePages_Surp:        0
Hugepagesize:       2048 kB
Hugetlb:               0 kB

=== 2025-12-11 09:17:14 (Iteration 27, 6 min) ===
MemTotal:        8025424 kB
MemFree:          210636 kB
MemAvailable:    4636836 kB
Buffers:         1888848 kB
Cached:          1382640 kB
SwapCached:            0 kB
Active:          2084516 kB
Inactive:        4106692 kB
Active(anon):    1711432 kB
Inactive(anon):  1209368 kB
Active(file):     373084 kB
Inactive(file):  2897324 kB
Unevictable:           0 kB
Mlocked:               0 kB
SwapTotal:       1048572 kB
SwapFree:        1048304 kB
Zswap:                 0 kB
Zswapped:              0 kB
Dirty:             41464 kB
Writeback:             0 kB
AnonPages:       2834660 kB
Mapped:           380168 kB
Shmem:              1064 kB
KReclaimable:    1358764 kB
Slab:            1481908 kB
SReclaimable:    1358764 kB
SUnreclaim:       123144 kB
KernelStack:       12080 kB
PageTables:        15748 kB
SecPageTables:         0 kB
NFS_Unstable:          0 kB
Bounce:                0 kB
WritebackTmp:          0 kB
CommitLimit:     5061284 kB
Committed_AS:    9664496 kB
VmallocTotal:   135288315904 kB
VmallocUsed:        6120 kB
VmallocChunk:          0 kB
Percpu:             5000 kB
AnonHugePages:   1382400 kB
ShmemHugePages:        0 kB
ShmemPmdMapped:        0 kB
FileHugePages:         0 kB
FilePmdMapped:         0 kB
HugePages_Total:       0
HugePages_Free:        0
HugePages_Rsvd:        0
HugePages_Surp:        0
Hugepagesize:       2048 kB
Hugetlb:               0 kB

=== 2025-12-11 09:17:29 (Iteration 28, 7 min) ===
MemTotal:        8025424 kB
MemFree:          216020 kB
MemAvailable:    4637508 kB
Buffers:         1894548 kB
Cached:          1371972 kB
SwapCached:            0 kB
Active:          2100588 kB
Inactive:        4083820 kB
Active(anon):    1709584 kB
Inactive(anon):  1209368 kB
Active(file):     391004 kB
Inactive(file):  2874452 kB
Unevictable:           0 kB
Mlocked:               0 kB
SwapTotal:       1048572 kB
SwapFree:        1048304 kB
Zswap:                 0 kB
Zswapped:              0 kB
Dirty:             75684 kB
Writeback:             0 kB
AnonPages:       2832420 kB
Mapped:           379632 kB
Shmem:              1060 kB
KReclaimable:    1359004 kB
Slab:            1482412 kB
SReclaimable:    1359004 kB
SUnreclaim:       123408 kB
KernelStack:       12064 kB
PageTables:        15524 kB
SecPageTables:         0 kB
NFS_Unstable:          0 kB
Bounce:                0 kB
WritebackTmp:          0 kB
CommitLimit:     5061284 kB
Committed_AS:    9094052 kB
VmallocTotal:   135288315904 kB
VmallocUsed:        6120 kB
VmallocChunk:          0 kB
Percpu:             5000 kB
AnonHugePages:   1382400 kB
ShmemHugePages:        0 kB
ShmemPmdMapped:        0 kB
FileHugePages:         0 kB
FilePmdMapped:         0 kB
HugePages_Total:       0
HugePages_Free:        0
HugePages_Rsvd:        0
HugePages_Surp:        0
Hugepagesize:       2048 kB
Hugetlb:               0 kB

=== 2025-12-11 09:17:45 (Iteration 29, 7 min) ===
MemTotal:        8025424 kB
MemFree:          228280 kB
MemAvailable:    4638628 kB
Buffers:         1900620 kB
Cached:          1354840 kB
SwapCached:            0 kB
Active:          2094092 kB
Inactive:        4082992 kB
Active(anon):    1713324 kB
Inactive(anon):  1209368 kB
Active(file):     380768 kB
Inactive(file):  2873624 kB
Unevictable:           0 kB
Mlocked:               0 kB
SwapTotal:       1048572 kB
SwapFree:        1048304 kB
Zswap:                 0 kB
Zswapped:              0 kB
Dirty:             36164 kB
Writeback:             0 kB
AnonPages:       2836416 kB
Mapped:           379892 kB
Shmem:              1064 kB
KReclaimable:    1358928 kB
Slab:            1482324 kB
SReclaimable:    1358928 kB
SUnreclaim:       123396 kB
KernelStack:       12064 kB
PageTables:        15632 kB
SecPageTables:         0 kB
NFS_Unstable:          0 kB
Bounce:                0 kB
WritebackTmp:          0 kB
CommitLimit:     5061284 kB
Committed_AS:    9378276 kB
VmallocTotal:   135288315904 kB
VmallocUsed:        6120 kB
VmallocChunk:          0 kB
Percpu:             5000 kB
AnonHugePages:   1382400 kB
ShmemHugePages:        0 kB
ShmemPmdMapped:        0 kB
FileHugePages:         0 kB
FilePmdMapped:         0 kB
HugePages_Total:       0
HugePages_Free:        0
HugePages_Rsvd:        0
HugePages_Surp:        0
Hugepagesize:       2048 kB
Hugetlb:               0 kB

=== 2025-12-11 09:18:01 (Iteration 30, 7 min) ===
MemTotal:        8025424 kB
MemFree:          220252 kB
MemAvailable:    4642516 kB
Buffers:         1900868 kB
Cached:          1366812 kB
SwapCached:            0 kB
Active:          1949052 kB
Inactive:        4232136 kB
Active(anon):    1672900 kB
Inactive(anon):  1241820 kB
Active(file):     276152 kB
Inactive(file):  2990316 kB
Unevictable:           0 kB
Mlocked:               0 kB
SwapTotal:       1048572 kB
SwapFree:        1048304 kB
Zswap:                 0 kB
Zswapped:              0 kB
Dirty:             70364 kB
Writeback:             0 kB
AnonPages:       2828024 kB
Mapped:           377512 kB
Shmem:              1060 kB
KReclaimable:    1358768 kB
Slab:            1482820 kB
SReclaimable:    1358768 kB
SUnreclaim:       124052 kB
KernelStack:       11952 kB
PageTables:        15580 kB
SecPageTables:         0 kB
NFS_Unstable:          0 kB
Bounce:                0 kB
WritebackTmp:          0 kB
CommitLimit:     5061284 kB
Committed_AS:    8523172 kB
VmallocTotal:   135288315904 kB
VmallocUsed:        6120 kB
VmallocChunk:          0 kB
Percpu:             5000 kB
AnonHugePages:   1380352 kB
ShmemHugePages:        0 kB
ShmemPmdMapped:        0 kB
FileHugePages:         0 kB
FilePmdMapped:         0 kB
HugePages_Total:       0
HugePages_Free:        0
HugePages_Rsvd:        0
HugePages_Surp:        0
Hugepagesize:       2048 kB
Hugetlb:               0 kB

=== 2025-12-11 09:18:16 (Iteration 31, 7 min) ===
MemTotal:        8025424 kB
MemFree:          277904 kB
MemAvailable:    4657668 kB
Buffers:         1893928 kB
Cached:          1331424 kB
SwapCached:            0 kB
Active:          1946188 kB
Inactive:        4196488 kB
Active(anon):    1661768 kB
Inactive(anon):  1256692 kB
Active(file):     284420 kB
Inactive(file):  2939796 kB
Unevictable:           0 kB
Mlocked:               0 kB
SwapTotal:       1048572 kB
SwapFree:        1048304 kB
Zswap:                 0 kB
Zswapped:              0 kB
Dirty:             42588 kB
Writeback:            12 kB
AnonPages:       2832048 kB
Mapped:           352232 kB
Shmem:              1044 kB
KReclaimable:    1358520 kB
Slab:            1481916 kB
SReclaimable:    1358520 kB
SUnreclaim:       123396 kB
KernelStack:       12032 kB
PageTables:        15256 kB
SecPageTables:         0 kB
NFS_Unstable:          0 kB
Bounce:                0 kB
WritebackTmp:          0 kB
CommitLimit:     5061284 kB
Committed_AS:    8523172 kB
VmallocTotal:   135288315904 kB
VmallocUsed:        6120 kB
VmallocChunk:          0 kB
Percpu:             5000 kB
AnonHugePages:   1380352 kB
ShmemHugePages:        0 kB
ShmemPmdMapped:        0 kB
FileHugePages:         0 kB
FilePmdMapped:         0 kB
HugePages_Total:       0
HugePages_Free:        0
HugePages_Rsvd:        0
HugePages_Surp:        0
Hugepagesize:       2048 kB
Hugetlb:               0 kB

=== 2025-12-11 09:18:31 (Iteration 32, 8 min) ===
MemTotal:        8025424 kB
MemFree:          286460 kB
MemAvailable:    4648848 kB
Buffers:         1895352 kB
Cached:          1313116 kB
SwapCached:            0 kB
Active:          1896852 kB
Inactive:        4230952 kB
Active(anon):    1609448 kB
Inactive(anon):  1310996 kB
Active(file):     287404 kB
Inactive(file):  2919956 kB
Unevictable:           0 kB
Mlocked:               0 kB
SwapTotal:       1048572 kB
SwapFree:        1048304 kB
Zswap:                 0 kB
Zswapped:              0 kB
Dirty:             71580 kB
Writeback:            20 kB
AnonPages:       2833868 kB
Mapped:           322280 kB
Shmem:              1060 kB
KReclaimable:    1358000 kB
Slab:            1481544 kB
SReclaimable:    1358000 kB
SUnreclaim:       123544 kB
KernelStack:       12048 kB
PageTables:        15384 kB
SecPageTables:         0 kB
NFS_Unstable:          0 kB
Bounce:                0 kB
WritebackTmp:          0 kB
CommitLimit:     5061284 kB
Committed_AS:    8523228 kB
VmallocTotal:   135288315904 kB
VmallocUsed:        6124 kB
VmallocChunk:          0 kB
Percpu:             5000 kB
AnonHugePages:   1380352 kB
ShmemHugePages:        0 kB
ShmemPmdMapped:        0 kB
FileHugePages:         0 kB
FilePmdMapped:         0 kB
HugePages_Total:       0
HugePages_Free:        0
HugePages_Rsvd:        0
HugePages_Surp:        0
Hugepagesize:       2048 kB
Hugetlb:               0 kB

=== 2025-12-11 09:18:46 (Iteration 33, 8 min) ===
MemTotal:        8025424 kB
MemFree:          254836 kB
MemAvailable:    4659248 kB
Buffers:         1901048 kB
Cached:          1349500 kB
SwapCached:            0 kB
Active:          1899928 kB
Inactive:        4273068 kB
Active(anon):    1612524 kB
Inactive(anon):  1310996 kB
Active(file):     287404 kB
Inactive(file):  2962072 kB
Unevictable:           0 kB
Mlocked:               0 kB
SwapTotal:       1048572 kB
SwapFree:        1048304 kB
Zswap:                 0 kB
Zswapped:              0 kB
Dirty:             32224 kB
Writeback:             0 kB
AnonPages:       2836848 kB
Mapped:           322096 kB
Shmem:              1060 kB
KReclaimable:    1357908 kB
Slab:            1481760 kB
SReclaimable:    1357908 kB
SUnreclaim:       123852 kB
KernelStack:       12000 kB
PageTables:        15272 kB
SecPageTables:         0 kB
NFS_Unstable:          0 kB
Bounce:                0 kB
WritebackTmp:          0 kB
CommitLimit:     5061284 kB
Committed_AS:    8524296 kB
VmallocTotal:   135288315904 kB
VmallocUsed:        6120 kB
VmallocChunk:          0 kB
Percpu:             5000 kB
AnonHugePages:   1380352 kB
ShmemHugePages:        0 kB
ShmemPmdMapped:        0 kB
FileHugePages:         0 kB
FilePmdMapped:         0 kB
HugePages_Total:       0
HugePages_Free:        0
HugePages_Rsvd:        0
HugePages_Surp:        0
Hugepagesize:       2048 kB
Hugetlb:               0 kB

=== 2025-12-11 09:19:02 (Iteration 34, 8 min) ===
MemTotal:        8025424 kB
MemFree:          253456 kB
MemAvailable:    4667612 kB
Buffers:         1899708 kB
Cached:          1360132 kB
SwapCached:            0 kB
Active:          1907284 kB
Inactive:        4270556 kB
Active(anon):    1609340 kB
Inactive(anon):  1309732 kB
Active(file):     297944 kB
Inactive(file):  2960824 kB
Unevictable:           0 kB
Mlocked:               0 kB
SwapTotal:       1048572 kB
SwapFree:        1048304 kB
Zswap:                 0 kB
Zswapped:              0 kB
Dirty:              5544 kB
Writeback:            68 kB
AnonPages:       2832140 kB
Mapped:           315332 kB
Shmem:              1064 kB
KReclaimable:    1358360 kB
Slab:            1481800 kB
SReclaimable:    1358360 kB
SUnreclaim:       123440 kB
KernelStack:       12000 kB
PageTables:        15480 kB
SecPageTables:         0 kB
NFS_Unstable:          0 kB
Bounce:                0 kB
WritebackTmp:          0 kB
CommitLimit:     5061284 kB
Committed_AS:    8522144 kB
VmallocTotal:   135288315904 kB
VmallocUsed:        6120 kB
VmallocChunk:          0 kB
Percpu:             5000 kB
AnonHugePages:   1380352 kB
ShmemHugePages:        0 kB
ShmemPmdMapped:        0 kB
FileHugePages:         0 kB
FilePmdMapped:         0 kB
HugePages_Total:       0
HugePages_Free:        0
HugePages_Rsvd:        0
HugePages_Surp:        0
Hugepagesize:       2048 kB
Hugetlb:               0 kB

=== 2025-12-11 09:19:18 (Iteration 35, 8 min) ===
MemTotal:        8025424 kB
MemFree:          248848 kB
MemAvailable:    4650996 kB
Buffers:         1905032 kB
Cached:          1342172 kB
SwapCached:            0 kB
Active:          1907620 kB
Inactive:        4259204 kB
Active(anon):    1610956 kB
Inactive(anon):  1309732 kB
Active(file):     296664 kB
Inactive(file):  2949472 kB
Unevictable:           0 kB
Mlocked:               0 kB
SwapTotal:       1048572 kB
SwapFree:        1048304 kB
Zswap:                 0 kB
Zswapped:              0 kB
Dirty:             33452 kB
Writeback:            88 kB
AnonPages:       2833508 kB
Mapped:           269748 kB
Shmem:              1056 kB
KReclaimable:    1358984 kB
Slab:            1482812 kB
SReclaimable:    1358984 kB
SUnreclaim:       123828 kB
KernelStack:       12016 kB
PageTables:        15460 kB
SecPageTables:         0 kB
NFS_Unstable:          0 kB
Bounce:                0 kB
WritebackTmp:          0 kB
CommitLimit:     5061284 kB
Committed_AS:    8524248 kB
VmallocTotal:   135288315904 kB
VmallocUsed:        6120 kB
VmallocChunk:          0 kB
Percpu:             5000 kB
AnonHugePages:   1380352 kB
ShmemHugePages:        0 kB
ShmemPmdMapped:        0 kB
FileHugePages:         0 kB
FilePmdMapped:         0 kB
HugePages_Total:       0
HugePages_Free:        0
HugePages_Rsvd:        0
HugePages_Surp:        0
Hugepagesize:       2048 kB
Hugetlb:               0 kB

=== 2025-12-11 09:19:34 (Iteration 36, 9 min) ===
MemTotal:        8025424 kB
MemFree:          248764 kB
MemAvailable:    4660228 kB
Buffers:         1909300 kB
Cached:          1346272 kB
SwapCached:            0 kB
Active:          1920120 kB
Inactive:        4257316 kB
Active(anon):    1613192 kB
Inactive(anon):  1309732 kB
Active(file):     306928 kB
Inactive(file):  2947584 kB
Unevictable:           0 kB
Mlocked:               0 kB
SwapTotal:       1048572 kB
SwapFree:        1048304 kB
Zswap:                 0 kB
Zswapped:              0 kB
Dirty:              2156 kB
Writeback:             0 kB
AnonPages:       2835652 kB
Mapped:           267968 kB
Shmem:              1056 kB
KReclaimable:    1359924 kB
Slab:            1483260 kB
SReclaimable:    1359924 kB
SUnreclaim:       123336 kB
KernelStack:       11984 kB
PageTables:        15280 kB
SecPageTables:         0 kB
NFS_Unstable:          0 kB
Bounce:                0 kB
WritebackTmp:          0 kB
CommitLimit:     5061284 kB
Committed_AS:    8523176 kB
VmallocTotal:   135288315904 kB
VmallocUsed:        6120 kB
VmallocChunk:          0 kB
Percpu:             5000 kB
AnonHugePages:   1380352 kB
ShmemHugePages:        0 kB
ShmemPmdMapped:        0 kB
FileHugePages:         0 kB
FilePmdMapped:         0 kB
HugePages_Total:       0
HugePages_Free:        0
HugePages_Rsvd:        0
HugePages_Surp:        0
Hugepagesize:       2048 kB
Hugetlb:               0 kB

=== 2025-12-11 09:19:50 (Iteration 37, 9 min) ===
MemTotal:        8025424 kB
MemFree:          154172 kB
MemAvailable:    4540564 kB
Buffers:         1909328 kB
Cached:          1320804 kB
SwapCached:            0 kB
Active:          2042788 kB
Inactive:        4235260 kB
Active(anon):    1740952 kB
Inactive(anon):  1308044 kB
Active(file):     301836 kB
Inactive(file):  2927216 kB
Unevictable:           0 kB
Mlocked:               0 kB
SwapTotal:       1048572 kB
SwapFree:        1048304 kB
Zswap:                 0 kB
Zswapped:              0 kB
Dirty:             39132 kB
Writeback:             0 kB
AnonPages:       2961988 kB
Mapped:           230796 kB
Shmem:              1064 kB
KReclaimable:    1360312 kB
Slab:            1484032 kB
SReclaimable:    1360312 kB
SUnreclaim:       123720 kB
KernelStack:       12592 kB
PageTables:        16464 kB
SecPageTables:         0 kB
NFS_Unstable:          0 kB
Bounce:                0 kB
WritebackTmp:          0 kB
CommitLimit:     5061284 kB
Committed_AS:    9347000 kB
VmallocTotal:   135288315904 kB
VmallocUsed:        6120 kB
VmallocChunk:          0 kB
Percpu:             5000 kB
AnonHugePages:   1380352 kB
ShmemHugePages:        0 kB
ShmemPmdMapped:        0 kB
FileHugePages:         0 kB
FilePmdMapped:         0 kB
HugePages_Total:       0
HugePages_Free:        0
HugePages_Rsvd:        0
HugePages_Surp:        0
Hugepagesize:       2048 kB
Hugetlb:               0 kB

=== 2025-12-11 09:20:05 (Iteration 38, 9 min) ===
MemTotal:        8025424 kB
MemFree:          232704 kB
MemAvailable:    4661312 kB
Buffers:         1914804 kB
Cached:          1357152 kB
SwapCached:            0 kB
Active:          1920644 kB
Inactive:        4277080 kB
Active(anon):    1618808 kB
Inactive(anon):  1308044 kB
Active(file):     301836 kB
Inactive(file):  2969036 kB
Unevictable:           0 kB
Mlocked:               0 kB
SwapTotal:       1048572 kB
SwapFree:        1048304 kB
Zswap:                 0 kB
Zswapped:              0 kB
Dirty:              2680 kB
Writeback:            32 kB
AnonPages:       2839572 kB
Mapped:           232436 kB
Shmem:              1048 kB
KReclaimable:    1360708 kB
Slab:            1484724 kB
SReclaimable:    1360708 kB
SUnreclaim:       124016 kB
KernelStack:       12096 kB
PageTables:        15904 kB
SecPageTables:         0 kB
NFS_Unstable:          0 kB
Bounce:                0 kB
WritebackTmp:          0 kB
CommitLimit:     5061284 kB
Committed_AS:    9378400 kB
VmallocTotal:   135288315904 kB
VmallocUsed:        6120 kB
VmallocChunk:          0 kB
Percpu:             5000 kB
AnonHugePages:   1380352 kB
ShmemHugePages:        0 kB
ShmemPmdMapped:        0 kB
FileHugePages:         0 kB
FilePmdMapped:         0 kB
HugePages_Total:       0
HugePages_Free:        0
HugePages_Rsvd:        0
HugePages_Surp:        0
Hugepagesize:       2048 kB
Hugetlb:               0 kB

=== 2025-12-11 09:20:21 (Iteration 39, 9 min) ===
MemTotal:        8025424 kB
MemFree:          225804 kB
MemAvailable:    4631748 kB
Buffers:         1886356 kB
Cached:          1363000 kB
SwapCached:            0 kB
Active:          1922120 kB
Inactive:        4251656 kB
Active(anon):    1621976 kB
Inactive(anon):  1303100 kB
Active(file):     300144 kB
Inactive(file):  2948556 kB
Unevictable:           0 kB
Mlocked:               0 kB
SwapTotal:       1048572 kB
SwapFree:        1048304 kB
Zswap:                 0 kB
Zswapped:              0 kB
Dirty:             41624 kB
Writeback:           112 kB
AnonPages:       2840016 kB
Mapped:           223356 kB
Shmem:              1024 kB
KReclaimable:    1360216 kB
Slab:            1483908 kB
SReclaimable:    1360216 kB
SUnreclaim:       123692 kB
KernelStack:       12112 kB
PageTables:        15228 kB
SecPageTables:         0 kB
NFS_Unstable:          0 kB
Bounce:                0 kB
WritebackTmp:          0 kB
CommitLimit:     5061284 kB
Committed_AS:    9379384 kB
VmallocTotal:   135288315904 kB
VmallocUsed:        6120 kB
VmallocChunk:          0 kB
Percpu:             5000 kB
AnonHugePages:   1378304 kB
ShmemHugePages:        0 kB
ShmemPmdMapped:        0 kB
FileHugePages:         0 kB
FilePmdMapped:         0 kB
HugePages_Total:       0
HugePages_Free:        0
HugePages_Rsvd:        0
HugePages_Surp:        0
Hugepagesize:       2048 kB
Hugetlb:               0 kB

=== 2025-12-11 09:20:36 (Iteration 40, 10 min) ===
MemTotal:        8025424 kB
MemFree:          275668 kB
MemAvailable:    4659624 kB
Buffers:         1857320 kB
Cached:          1370132 kB
SwapCached:            0 kB
Active:          1952304 kB
Inactive:        4199104 kB
Active(anon):    1627424 kB
Inactive(anon):  1297684 kB
Active(file):     324880 kB
Inactive(file):  2901420 kB
Unevictable:           0 kB
Mlocked:               0 kB
SwapTotal:       1048572 kB
SwapFree:        1048304 kB
Zswap:                 0 kB
Zswapped:              0 kB
Dirty:              4860 kB
Writeback:             0 kB
AnonPages:       2838032 kB
Mapped:           218060 kB
Shmem:              1028 kB
KReclaimable:    1360628 kB
Slab:            1484272 kB
SReclaimable:    1360628 kB
SUnreclaim:       123644 kB
KernelStack:       12048 kB
PageTables:        15400 kB
SecPageTables:         0 kB
NFS_Unstable:          0 kB
Bounce:                0 kB
WritebackTmp:          0 kB
CommitLimit:     5061284 kB
Committed_AS:    8524200 kB
VmallocTotal:   135288315904 kB
VmallocUsed:        6120 kB
VmallocChunk:          0 kB
Percpu:             5000 kB
AnonHugePages:   1380352 kB
ShmemHugePages:        0 kB
ShmemPmdMapped:        0 kB
FileHugePages:         0 kB
FilePmdMapped:         0 kB
HugePages_Total:       0
HugePages_Free:        0
HugePages_Rsvd:        0
HugePages_Surp:        0
Hugepagesize:       2048 kB
Hugetlb:               0 kB

=== 2025-12-11 09:20:51 (Iteration 41, 10 min) ===
MemTotal:        8025424 kB
MemFree:          267112 kB
MemAvailable:    4625040 kB
Buffers:         1828880 kB
Cached:          1372988 kB
SwapCached:            0 kB
Active:          1945216 kB
Inactive:        4177016 kB
Active(anon):    1631052 kB
Inactive(anon):  1290620 kB
Active(file):     314164 kB
Inactive(file):  2886396 kB
Unevictable:           0 kB
Mlocked:               0 kB
SwapTotal:       1048572 kB
SwapFree:        1048304 kB
Zswap:                 0 kB
Zswapped:              0 kB
Dirty:             36388 kB
Writeback:            36 kB
AnonPages:       2833668 kB
Mapped:           217844 kB
Shmem:              1016 kB
KReclaimable:    1360340 kB
Slab:            1483424 kB
SReclaimable:    1360340 kB
SUnreclaim:       123084 kB
KernelStack:       12032 kB
PageTables:        15292 kB
SecPageTables:         0 kB
NFS_Unstable:          0 kB
Bounce:                0 kB
WritebackTmp:          0 kB
CommitLimit:     5061284 kB
Committed_AS:    8524200 kB
VmallocTotal:   135288315904 kB
VmallocUsed:        6120 kB
VmallocChunk:          0 kB
Percpu:             5000 kB
AnonHugePages:   1380352 kB
ShmemHugePages:        0 kB
ShmemPmdMapped:        0 kB
FileHugePages:         0 kB
FilePmdMapped:         0 kB
HugePages_Total:       0
HugePages_Free:        0
HugePages_Rsvd:        0
HugePages_Surp:        0
Hugepagesize:       2048 kB
Hugetlb:               0 kB

=== 2025-12-11 09:21:07 (Iteration 42, 10 min) ===
MemTotal:        8025424 kB
MemFree:          208748 kB
MemAvailable:    4608080 kB
Buffers:         1834876 kB
Cached:          1407460 kB
SwapCached:            0 kB
Active:          1945936 kB
Inactive:        4217288 kB
Active(anon):    1631364 kB
Inactive(anon):  1290620 kB
Active(file):     314572 kB
Inactive(file):  2926668 kB
Unevictable:           0 kB
Mlocked:               0 kB
SwapTotal:       1048572 kB
SwapFree:        1048304 kB
Zswap:                 0 kB
Zswapped:              0 kB
Dirty:             13152 kB
Writeback:             0 kB
AnonPages:       2834196 kB
Mapped:           218084 kB
Shmem:              1060 kB
KReclaimable:    1361064 kB
Slab:            1484844 kB
SReclaimable:    1361064 kB
SUnreclaim:       123780 kB
KernelStack:       12080 kB
PageTables:        15280 kB
SecPageTables:         0 kB
NFS_Unstable:          0 kB
Bounce:                0 kB
WritebackTmp:          0 kB
CommitLimit:     5061284 kB
Committed_AS:    8524248 kB
VmallocTotal:   135288315904 kB
VmallocUsed:        6120 kB
VmallocChunk:          0 kB
Percpu:             5000 kB
AnonHugePages:   1380352 kB
ShmemHugePages:        0 kB
ShmemPmdMapped:        0 kB
FileHugePages:         0 kB
FilePmdMapped:         0 kB
HugePages_Total:       0
HugePages_Free:        0
HugePages_Rsvd:        0
HugePages_Surp:        0
Hugepagesize:       2048 kB
Hugetlb:               0 kB

=== 2025-12-11 09:21:23 (Iteration 43, 11 min) ===
MemTotal:        8025424 kB
MemFree:          215120 kB
MemAvailable:    4612804 kB
Buffers:         1818580 kB
Cached:          1422960 kB
SwapCached:            0 kB
Active:          2010212 kB
Inactive:        4153800 kB
Active(anon):    1688340 kB
Inactive(anon):  1235220 kB
Active(file):     321872 kB
Inactive(file):  2918580 kB
Unevictable:           0 kB
Mlocked:               0 kB
SwapTotal:       1048572 kB
SwapFree:        1048304 kB
Zswap:                 0 kB
Zswapped:              0 kB
Dirty:             40968 kB
Writeback:             0 kB
AnonPages:       2835832 kB
Mapped:           217848 kB
Shmem:              1056 kB
KReclaimable:    1360204 kB
Slab:            1483072 kB
SReclaimable:    1360204 kB
SUnreclaim:       122868 kB
KernelStack:       12016 kB
PageTables:        15280 kB
SecPageTables:         0 kB
NFS_Unstable:          0 kB
Bounce:                0 kB
WritebackTmp:          0 kB
CommitLimit:     5061284 kB
Committed_AS:    8524192 kB
VmallocTotal:   135288315904 kB
VmallocUsed:        6120 kB
VmallocChunk:          0 kB
Percpu:             5000 kB
AnonHugePages:   1380352 kB
ShmemHugePages:        0 kB
ShmemPmdMapped:        0 kB
FileHugePages:         0 kB
FilePmdMapped:         0 kB
HugePages_Total:       0
HugePages_Free:        0
HugePages_Rsvd:        0
HugePages_Surp:        0
Hugepagesize:       2048 kB
Hugetlb:               0 kB

=== 2025-12-11 09:21:40 (Iteration 44, 11 min) ===
MemTotal:        8025424 kB
MemFree:          196836 kB
MemAvailable:    4625004 kB
Buffers:         1823668 kB
Cached:          1448116 kB
SwapCached:            0 kB
Active:          2020000 kB
Inactive:        4178868 kB
Active(anon):    1693156 kB
Inactive(anon):  1235220 kB
Active(file):     326844 kB
Inactive(file):  2943648 kB
Unevictable:           0 kB
Mlocked:               0 kB
SwapTotal:       1048572 kB
SwapFree:        1048304 kB
Zswap:                 0 kB
Zswapped:              0 kB
Dirty:              7932 kB
Writeback:            68 kB
AnonPages:       2840652 kB
Mapped:           217872 kB
Shmem:              1060 kB
KReclaimable:    1360648 kB
Slab:            1484292 kB
SReclaimable:    1360648 kB
SUnreclaim:       123644 kB
KernelStack:       12032 kB
PageTables:        15380 kB
SecPageTables:         0 kB
NFS_Unstable:          0 kB
Bounce:                0 kB
WritebackTmp:          0 kB
CommitLimit:     5061284 kB
Committed_AS:    8524320 kB
VmallocTotal:   135288315904 kB
VmallocUsed:        6120 kB
VmallocChunk:          0 kB
Percpu:             5000 kB
AnonHugePages:   1380352 kB
ShmemHugePages:        0 kB
ShmemPmdMapped:        0 kB
FileHugePages:         0 kB
FilePmdMapped:         0 kB
HugePages_Total:       0
HugePages_Free:        0
HugePages_Rsvd:        0
HugePages_Surp:        0
Hugepagesize:       2048 kB
Hugetlb:               0 kB

=== 2025-12-11 09:21:55 (Iteration 45, 11 min) ===
MemTotal:        8025424 kB
MemFree:          140668 kB
MemAvailable:    4544376 kB
Buffers:         1785264 kB
Cached:          1473964 kB
SwapCached:            0 kB
Active:          2084256 kB
Inactive:        4202704 kB
Active(anon):    1767356 kB
Inactive(anon):  1261448 kB
Active(file):     316900 kB
Inactive(file):  2941256 kB
Unevictable:           0 kB
Mlocked:               0 kB
SwapTotal:       1048572 kB
SwapFree:        1048304 kB
Zswap:                 0 kB
Zswapped:              0 kB
Dirty:             35860 kB
Writeback:             0 kB
AnonPages:       2941148 kB
Mapped:           217744 kB
Shmem:              1068 kB
KReclaimable:    1348524 kB
Slab:            1472020 kB
SReclaimable:    1348524 kB
SUnreclaim:       123496 kB
KernelStack:       12640 kB
PageTables:        16172 kB
SecPageTables:         0 kB
NFS_Unstable:          0 kB
Bounce:                0 kB
WritebackTmp:          0 kB
CommitLimit:     5061284 kB
Committed_AS:    9061332 kB
VmallocTotal:   135288315904 kB
VmallocUsed:        6120 kB
VmallocChunk:          0 kB
Percpu:             5000 kB
AnonHugePages:   1382400 kB
ShmemHugePages:        0 kB
ShmemPmdMapped:        0 kB
FileHugePages:         0 kB
FilePmdMapped:         0 kB
HugePages_Total:       0
HugePages_Free:        0
HugePages_Rsvd:        0
HugePages_Surp:        0
Hugepagesize:       2048 kB
Hugetlb:               0 kB

=== 2025-12-11 09:22:11 (Iteration 46, 11 min) ===
MemTotal:        8025424 kB
MemFree:          258052 kB
MemAvailable:    4663184 kB
Buffers:         1760900 kB
Cached:          1502476 kB
SwapCached:            0 kB
Active:          2008356 kB
Inactive:        4181136 kB
Active(anon):    1691316 kB
Inactive(anon):  1235772 kB
Active(file):     317040 kB
Inactive(file):  2945364 kB
Unevictable:           0 kB
Mlocked:               0 kB
SwapTotal:       1048572 kB
SwapFree:        1048304 kB
Zswap:                 0 kB
Zswapped:              0 kB
Dirty:             12716 kB
Writeback:             0 kB
AnonPages:       2839460 kB
Mapped:           219020 kB
Shmem:              1072 kB
KReclaimable:    1345700 kB
Slab:            1469212 kB
SReclaimable:    1345700 kB
SUnreclaim:       123512 kB
KernelStack:       12128 kB
PageTables:        15636 kB
SecPageTables:         0 kB
NFS_Unstable:          0 kB
Bounce:                0 kB
WritebackTmp:          0 kB
CommitLimit:     5061284 kB
Committed_AS:    9663784 kB
VmallocTotal:   135288315904 kB
VmallocUsed:        6120 kB
VmallocChunk:          0 kB
Percpu:             5000 kB
AnonHugePages:   1380352 kB
ShmemHugePages:        0 kB
ShmemPmdMapped:        0 kB
FileHugePages:         0 kB
FilePmdMapped:         0 kB
HugePages_Total:       0
HugePages_Free:        0
HugePages_Rsvd:        0
HugePages_Surp:        0
Hugepagesize:       2048 kB
Hugetlb:               0 kB

=== 2025-12-11 09:22:26 (Iteration 47, 12 min) ===
MemTotal:        8025424 kB
MemFree:          249664 kB
MemAvailable:    4657656 kB
Buffers:         1735608 kB
Cached:          1538032 kB
SwapCached:            0 kB
Active:          2068816 kB
Inactive:        4130108 kB
Active(anon):    1745784 kB
Inactive(anon):  1180484 kB
Active(file):     323032 kB
Inactive(file):  2949624 kB
Unevictable:           0 kB
Mlocked:               0 kB
SwapTotal:       1048572 kB
SwapFree:        1048304 kB
Zswap:                 0 kB
Zswapped:              0 kB
Dirty:             47000 kB
Writeback:           280 kB
AnonPages:       2837868 kB
Mapped:           218780 kB
Shmem:              1084 kB
KReclaimable:    1338308 kB
Slab:            1461816 kB
SReclaimable:    1338308 kB
SUnreclaim:       123508 kB
KernelStack:       12112 kB
PageTables:        15832 kB
SecPageTables:         0 kB
NFS_Unstable:          0 kB
Bounce:                0 kB
WritebackTmp:          0 kB
CommitLimit:     5061284 kB
Committed_AS:    9522536 kB
VmallocTotal:   135288315904 kB
VmallocUsed:        6120 kB
VmallocChunk:          0 kB
Percpu:             5000 kB
AnonHugePages:   1380352 kB
ShmemHugePages:        0 kB
ShmemPmdMapped:        0 kB
FileHugePages:         0 kB
FilePmdMapped:         0 kB
HugePages_Total:       0
HugePages_Free:        0
HugePages_Rsvd:        0
HugePages_Surp:        0
Hugepagesize:       2048 kB
Hugetlb:               0 kB

=== 2025-12-11 09:22:41 (Iteration 48, 12 min) ===
MemTotal:        8025424 kB
MemFree:          240104 kB
MemAvailable:    4641084 kB
Buffers:         1708468 kB
Cached:          1559712 kB
SwapCached:            0 kB
Active:          2098496 kB
Inactive:        4094112 kB
Active(anon):    1771840 kB
Inactive(anon):  1153492 kB
Active(file):     326656 kB
Inactive(file):  2940620 kB
Unevictable:           0 kB
Mlocked:               0 kB
SwapTotal:       1048572 kB
SwapFree:        1048304 kB
Zswap:                 0 kB
Zswapped:              0 kB
Dirty:             14140 kB
Writeback:             0 kB
AnonPages:       2837196 kB
Mapped:           217544 kB
Shmem:              1100 kB
KReclaimable:    1336676 kB
Slab:            1460208 kB
SReclaimable:    1336676 kB
SUnreclaim:       123532 kB
KernelStack:       12048 kB
PageTables:        15396 kB
SecPageTables:         0 kB
NFS_Unstable:          0 kB
Bounce:                0 kB
WritebackTmp:          0 kB
CommitLimit:     5061284 kB
Committed_AS:    8524208 kB
VmallocTotal:   135288315904 kB
VmallocUsed:        6120 kB
VmallocChunk:          0 kB
Percpu:             5000 kB
AnonHugePages:   1396736 kB
ShmemHugePages:        0 kB
ShmemPmdMapped:        0 kB
FileHugePages:         0 kB
FilePmdMapped:         0 kB
HugePages_Total:       0
HugePages_Free:        0
HugePages_Rsvd:        0
HugePages_Surp:        0
Hugepagesize:       2048 kB
Hugetlb:               0 kB

=== 2025-12-11 09:22:56 (Iteration 49, 12 min) ===
MemTotal:        8025424 kB
MemFree:          277244 kB
MemAvailable:    4660000 kB
Buffers:         1682040 kB
Cached:          1572552 kB
SwapCached:            0 kB
Active:          2135868 kB
Inactive:        4041892 kB
Active(anon):    1815764 kB
Inactive(anon):  1108072 kB
Active(file):     320104 kB
Inactive(file):  2933820 kB
Unevictable:           0 kB
Mlocked:               0 kB
SwapTotal:       1048572 kB
SwapFree:        1048304 kB
Zswap:                 0 kB
Zswapped:              0 kB
Dirty:             41076 kB
Writeback:             0 kB
AnonPages:       2835840 kB
Mapped:           217648 kB
Shmem:              1080 kB
KReclaimable:    1331804 kB
Slab:            1455164 kB
SReclaimable:    1331804 kB
SUnreclaim:       123360 kB
KernelStack:       12096 kB
PageTables:        15532 kB
SecPageTables:         0 kB
NFS_Unstable:          0 kB
Bounce:                0 kB
WritebackTmp:          0 kB
CommitLimit:     5061284 kB
Committed_AS:    8524208 kB
VmallocTotal:   135288315904 kB
VmallocUsed:        6120 kB
VmallocChunk:          0 kB
Percpu:             5000 kB
AnonHugePages:   1427456 kB
ShmemHugePages:        0 kB
ShmemPmdMapped:        0 kB
FileHugePages:         0 kB
FilePmdMapped:         0 kB
HugePages_Total:       0
HugePages_Free:        0
HugePages_Rsvd:        0
HugePages_Surp:        0
Hugepagesize:       2048 kB
Hugetlb:               0 kB

=== 2025-12-11 09:23:15 (Iteration 50, 12 min) ===
MemTotal:        8025424 kB
MemFree:          260128 kB
MemAvailable:    4638784 kB
Buffers:         1659596 kB
Cached:          1591956 kB
SwapCached:            0 kB
Active:          2194568 kB
Inactive:        3986156 kB
Active(anon):    1873912 kB
Inactive(anon):  1056532 kB
Active(file):     320656 kB
Inactive(file):  2929624 kB
Unevictable:           0 kB
Mlocked:               0 kB
SwapTotal:       1048572 kB
SwapFree:        1048304 kB
Zswap:                 0 kB
Zswapped:              0 kB
Dirty:             23460 kB
Writeback:            32 kB
AnonPages:       2842360 kB
Mapped:           218276 kB
Shmem:              1052 kB
KReclaimable:    1331348 kB
Slab:            1454832 kB
SReclaimable:    1331348 kB
SUnreclaim:       123484 kB
KernelStack:       12016 kB
PageTables:        15416 kB
SecPageTables:         0 kB
NFS_Unstable:          0 kB
Bounce:                0 kB
WritebackTmp:          0 kB
CommitLimit:     5061284 kB
Committed_AS:    8809096 kB
VmallocTotal:   135288315904 kB
VmallocUsed:        6120 kB
VmallocChunk:          0 kB
Percpu:             5000 kB
AnonHugePages:   1427456 kB
ShmemHugePages:        0 kB
ShmemPmdMapped:        0 kB
FileHugePages:         0 kB
FilePmdMapped:         0 kB
HugePages_Total:       0
HugePages_Free:        0
HugePages_Rsvd:        0
HugePages_Surp:        0
Hugepagesize:       2048 kB
Hugetlb:               0 kB

=== 2025-12-11 09:23:31 (Iteration 51, 13 min) ===
MemTotal:        8025424 kB
MemFree:          242840 kB
MemAvailable:    4649052 kB
Buffers:         1665384 kB
Cached:          1613656 kB
SwapCached:            0 kB
Active:          2190776 kB
Inactive:        4013676 kB
Active(anon):    1870112 kB
Inactive(anon):  1056384 kB
Active(file):     320664 kB
Inactive(file):  2957292 kB
Unevictable:           0 kB
Mlocked:               0 kB
SwapTotal:       1048572 kB
SwapFree:        1048304 kB
Zswap:                 0 kB
Zswapped:              0 kB
Dirty:             36412 kB
Writeback:             0 kB
AnonPages:       2838284 kB
Mapped:           217788 kB
Shmem:              1060 kB
KReclaimable:    1331228 kB
Slab:            1454144 kB
SReclaimable:    1331228 kB
SUnreclaim:       122916 kB
KernelStack:       12032 kB
PageTables:        15280 kB
SecPageTables:         0 kB
NFS_Unstable:          0 kB
Bounce:                0 kB
WritebackTmp:          0 kB
CommitLimit:     5061284 kB
Committed_AS:    8524220 kB
VmallocTotal:   135288315904 kB
VmallocUsed:        6120 kB
VmallocChunk:          0 kB
Percpu:             5000 kB
AnonHugePages:   1427456 kB
ShmemHugePages:        0 kB
ShmemPmdMapped:        0 kB
FileHugePages:         0 kB
FilePmdMapped:         0 kB
HugePages_Total:       0
HugePages_Free:        0
HugePages_Rsvd:        0
HugePages_Surp:        0
Hugepagesize:       2048 kB
Hugetlb:               0 kB

=== 2025-12-11 09:23:48 (Iteration 52, 13 min) ===
MemTotal:        8025424 kB
MemFree:          168292 kB
MemAvailable:    4579336 kB
Buffers:         1659560 kB
Cached:          1624168 kB
SwapCached:            0 kB
Active:          2305264 kB
Inactive:        3992144 kB
Active(anon):    1983252 kB
Inactive(anon):  1031532 kB
Active(file):     322012 kB
Inactive(file):  2960612 kB
Unevictable:           0 kB
Mlocked:               0 kB
SwapTotal:       1048572 kB
SwapFree:        1048304 kB
Zswap:                 0 kB
Zswapped:              0 kB
Dirty:             20296 kB
Writeback:             0 kB
AnonPages:       2925668 kB
Mapped:           217644 kB
Shmem:              1072 kB
KReclaimable:    1331392 kB
Slab:            1454560 kB
SReclaimable:    1331392 kB
SUnreclaim:       123168 kB
KernelStack:       12560 kB
PageTables:        16400 kB
SecPageTables:         0 kB
NFS_Unstable:          0 kB
Bounce:                0 kB
WritebackTmp:          0 kB
CommitLimit:     5061284 kB
Committed_AS:    9318392 kB
VmallocTotal:   135288315904 kB
VmallocUsed:        6120 kB
VmallocChunk:          0 kB
Percpu:             5000 kB
AnonHugePages:   1427456 kB
ShmemHugePages:        0 kB
ShmemPmdMapped:        0 kB
FileHugePages:         0 kB
FilePmdMapped:         0 kB
HugePages_Total:       0
HugePages_Free:        0
HugePages_Rsvd:        0
HugePages_Surp:        0
Hugepagesize:       2048 kB
Hugetlb:               0 kB

=== 2025-12-11 09:24:04 (Iteration 53, 13 min) ===
MemTotal:        8025424 kB
MemFree:          264324 kB
MemAvailable:    4658916 kB
Buffers:         1627100 kB
Cached:          1644484 kB
SwapCached:            0 kB
Active:          1661960 kB
Inactive:        4538456 kB
Active(anon):    1419616 kB
Inactive(anon):  1510068 kB
Active(file):     242344 kB
Inactive(file):  3028388 kB
Unevictable:           0 kB
Mlocked:               0 kB
SwapTotal:       1048572 kB
SwapFree:        1048304 kB
Zswap:                 0 kB
Zswapped:              0 kB
Dirty:             48956 kB
Writeback:           112 kB
AnonPages:       2839012 kB
Mapped:           219384 kB
Shmem:              1060 kB
KReclaimable:    1326832 kB
Slab:            1449740 kB
SReclaimable:    1326832 kB
SUnreclaim:       122908 kB
KernelStack:       12064 kB
PageTables:        15864 kB
SecPageTables:         0 kB
NFS_Unstable:          0 kB
Bounce:                0 kB
WritebackTmp:          0 kB
CommitLimit:     5061284 kB
Committed_AS:    8852060 kB
VmallocTotal:   135288315904 kB
VmallocUsed:        6120 kB
VmallocChunk:          0 kB
Percpu:             5000 kB
AnonHugePages:   1427456 kB
ShmemHugePages:        0 kB
ShmemPmdMapped:        0 kB
FileHugePages:         0 kB
FilePmdMapped:         0 kB
HugePages_Total:       0
HugePages_Free:        0
HugePages_Rsvd:        0
HugePages_Surp:        0
Hugepagesize:       2048 kB
Hugetlb:               0 kB

=== 2025-12-11 09:24:20 (Iteration 54, 13 min) ===
MemTotal:        8025424 kB
MemFree:          240672 kB
MemAvailable:    4641372 kB
Buffers:         1603264 kB
Cached:          1677780 kB
SwapCached:            0 kB
Active:          1673896 kB
Inactive:        4539600 kB
Active(anon):    1425840 kB
Inactive(anon):  1508020 kB
Active(file):     248056 kB
Inactive(file):  3031580 kB
Unevictable:           0 kB
Mlocked:               0 kB
SwapTotal:       1048572 kB
SwapFree:        1048304 kB
Zswap:                 0 kB
Zswapped:              0 kB
Dirty:             38244 kB
Writeback:           336 kB
AnonPages:       2843044 kB
Mapped:           218972 kB
Shmem:              1060 kB
KReclaimable:    1324036 kB
Slab:            1447440 kB
SReclaimable:    1324036 kB
SUnreclaim:       123404 kB
KernelStack:       12048 kB
PageTables:        15852 kB
SecPageTables:         0 kB
NFS_Unstable:          0 kB
Bounce:                0 kB
WritebackTmp:          0 kB
CommitLimit:     5061284 kB
Committed_AS:    9378992 kB
VmallocTotal:   135288315904 kB
VmallocUsed:        6120 kB
VmallocChunk:          0 kB
Percpu:             5000 kB
AnonHugePages:   1427456 kB
ShmemHugePages:        0 kB
ShmemPmdMapped:        0 kB
FileHugePages:         0 kB
FilePmdMapped:         0 kB
HugePages_Total:       0
HugePages_Free:        0
HugePages_Rsvd:        0
HugePages_Surp:        0
Hugepagesize:       2048 kB
Hugetlb:               0 kB

=== 2025-12-11 09:24:38 (Iteration 55, 14 min) ===
MemTotal:        8025424 kB
MemFree:          220036 kB
MemAvailable:    4649056 kB
Buffers:         1610344 kB
Cached:          1698524 kB
SwapCached:            0 kB
Active:          1674960 kB
Inactive:        4566956 kB
Active(anon):    1426216 kB
Inactive(anon):  1507972 kB
Active(file):     248744 kB
Inactive(file):  3058984 kB
Unevictable:           0 kB
Mlocked:               0 kB
SwapTotal:       1048572 kB
SwapFree:        1048304 kB
Zswap:                 0 kB
Zswapped:              0 kB
Dirty:              2128 kB
Writeback:             0 kB
AnonPages:       2842964 kB
Mapped:           217772 kB
Shmem:              1080 kB
KReclaimable:    1324264 kB
Slab:            1447236 kB
SReclaimable:    1324264 kB
SUnreclaim:       122972 kB
KernelStack:       12048 kB
PageTables:        15300 kB
SecPageTables:         0 kB
NFS_Unstable:          0 kB
Bounce:                0 kB
WritebackTmp:          0 kB
CommitLimit:     5061284 kB
Committed_AS:    8524348 kB
VmallocTotal:   135288315904 kB
VmallocUsed:        6120 kB
VmallocChunk:          0 kB
Percpu:             5000 kB
AnonHugePages:   1427456 kB
ShmemHugePages:        0 kB
ShmemPmdMapped:        0 kB
FileHugePages:         0 kB
FilePmdMapped:         0 kB
HugePages_Total:       0
HugePages_Free:        0
HugePages_Rsvd:        0
HugePages_Surp:        0
Hugepagesize:       2048 kB
Hugetlb:               0 kB

=== 2025-12-11 09:24:55 (Iteration 56, 14 min) ===
MemTotal:        8025424 kB
MemFree:          297476 kB
MemAvailable:    4638452 kB
Buffers:         1553700 kB
Cached:          1698172 kB
SwapCached:            0 kB
Active:          1678848 kB
Inactive:        4503112 kB
Active(anon):    1429868 kB
Inactive(anon):  1501444 kB
Active(file):     248980 kB
Inactive(file):  3001668 kB
Unevictable:           0 kB
Mlocked:               0 kB
SwapTotal:       1048572 kB
SwapFree:        1048304 kB
Zswap:                 0 kB
Zswapped:              0 kB
Dirty:             28568 kB
Writeback:             0 kB
AnonPages:       2840924 kB
Mapped:           218136 kB
Shmem:              1092 kB
KReclaimable:    1293300 kB
Slab:            1415584 kB
SReclaimable:    1293300 kB
SUnreclaim:       122284 kB
KernelStack:       12080 kB
PageTables:        15624 kB
SecPageTables:         0 kB
NFS_Unstable:          0 kB
Bounce:                0 kB
WritebackTmp:          0 kB
CommitLimit:     5061284 kB
Committed_AS:    8808932 kB
VmallocTotal:   135288315904 kB
VmallocUsed:        6120 kB
VmallocChunk:          0 kB
Percpu:             5000 kB
AnonHugePages:   1429504 kB
ShmemHugePages:        0 kB
ShmemPmdMapped:        0 kB
FileHugePages:         0 kB
FilePmdMapped:         0 kB
HugePages_Total:       0
HugePages_Free:        0
HugePages_Rsvd:        0
HugePages_Surp:        0
Hugepagesize:       2048 kB
Hugetlb:               0 kB

=== 2025-12-11 09:25:11 (Iteration 57, 14 min) ===
MemTotal:        8025424 kB
MemFree:          269324 kB
MemAvailable:    4643644 kB
Buffers:         1560028 kB
Cached:          1725260 kB
SwapCached:            0 kB
Active:          1682504 kB
Inactive:        4535148 kB
Active(anon):    1433524 kB
Inactive(anon):  1499932 kB
Active(file):     248980 kB
Inactive(file):  3035216 kB
Unevictable:           0 kB
Mlocked:               0 kB
SwapTotal:       1048572 kB
SwapFree:        1048304 kB
Zswap:                 0 kB
Zswapped:              0 kB
Dirty:              4924 kB
Writeback:            96 kB
AnonPages:       2848636 kB
Mapped:           218180 kB
Shmem:              1056 kB
KReclaimable:    1293096 kB
Slab:            1415272 kB
SReclaimable:    1293096 kB
SUnreclaim:       122176 kB
KernelStack:       12016 kB
PageTables:        15200 kB
SecPageTables:         0 kB
NFS_Unstable:          0 kB
Bounce:                0 kB
WritebackTmp:          0 kB
CommitLimit:     5061284 kB
Committed_AS:    8524436 kB
VmallocTotal:   135288315904 kB
VmallocUsed:        6120 kB
VmallocChunk:          0 kB
Percpu:             5000 kB
AnonHugePages:   1449984 kB
ShmemHugePages:        0 kB
ShmemPmdMapped:        0 kB
FileHugePages:         0 kB
FilePmdMapped:         0 kB
HugePages_Total:       0
HugePages_Free:        0
HugePages_Rsvd:        0
HugePages_Surp:        0
Hugepagesize:       2048 kB
Hugetlb:               0 kB

=== 2025-12-11 09:25:28 (Iteration 58, 15 min) ===
MemTotal:        8025424 kB
MemFree:          281892 kB
MemAvailable:    4648080 kB
Buffers:         1539876 kB
Cached:          1750496 kB
SwapCached:            0 kB
Active:          1686504 kB
Inactive:        4537540 kB
Active(anon):    1437516 kB
Inactive(anon):  1497304 kB
Active(file):     248988 kB
Inactive(file):  3040236 kB
Unevictable:           0 kB
Mlocked:               0 kB
SwapTotal:       1048572 kB
SwapFree:        1048304 kB
Zswap:                 0 kB
Zswapped:              0 kB
Dirty:             30700 kB
Writeback:            24 kB
AnonPages:       2847280 kB
Mapped:           218176 kB
Shmem:              1060 kB
KReclaimable:    1279936 kB
Slab:            1402132 kB
SReclaimable:    1279936 kB
SUnreclaim:       122196 kB
KernelStack:       12032 kB
PageTables:        15680 kB
SecPageTables:         0 kB
NFS_Unstable:          0 kB
Bounce:                0 kB
WritebackTmp:          0 kB
CommitLimit:     5061284 kB
Committed_AS:    8524488 kB
VmallocTotal:   135288315904 kB
VmallocUsed:        6120 kB
VmallocChunk:          0 kB
Percpu:             5000 kB
AnonHugePages:   1429504 kB
ShmemHugePages:        0 kB
ShmemPmdMapped:        0 kB
FileHugePages:         0 kB
FilePmdMapped:         0 kB
HugePages_Total:       0
HugePages_Free:        0
HugePages_Rsvd:        0
HugePages_Surp:        0
Hugepagesize:       2048 kB
Hugetlb:               0 kB

=== 2025-12-11 09:25:45 (Iteration 59, 15 min) ===
MemTotal:        8025424 kB
MemFree:          169816 kB
MemAvailable:    4528564 kB
Buffers:         1519952 kB
Cached:          1765044 kB
SwapCached:            0 kB
Active:          1821840 kB
Inactive:        4517688 kB
Active(anon):    1572800 kB
Inactive(anon):  1482840 kB
Active(file):     249040 kB
Inactive(file):  3034848 kB
Unevictable:           0 kB
Mlocked:               0 kB
SwapTotal:       1048572 kB
SwapFree:        1048304 kB
Zswap:                 0 kB
Zswapped:              0 kB
Dirty:             13140 kB
Writeback:             0 kB
AnonPages:       2973120 kB
Mapped:           217996 kB
Shmem:              1084 kB
KReclaimable:    1277832 kB
Slab:            1400016 kB
SReclaimable:    1277832 kB
SUnreclaim:       122184 kB
KernelStack:       12672 kB
PageTables:        16004 kB
SecPageTables:         0 kB
NFS_Unstable:          0 kB
Bounce:                0 kB
WritebackTmp:          0 kB
CommitLimit:     5061284 kB
Committed_AS:    9064908 kB
VmallocTotal:   135288315904 kB
VmallocUsed:        6120 kB
VmallocChunk:          0 kB
Percpu:             5000 kB
AnonHugePages:   1445888 kB
ShmemHugePages:        0 kB
ShmemPmdMapped:        0 kB
FileHugePages:         0 kB
FilePmdMapped:         0 kB
HugePages_Total:       0
HugePages_Free:        0
HugePages_Rsvd:        0
HugePages_Surp:        0
Hugepagesize:       2048 kB
Hugetlb:               0 kB

=== 2025-12-11 09:26:01 (Iteration 60, 15 min) ===
MemTotal:        8025424 kB
MemFree:          271140 kB
MemAvailable:    4665828 kB
Buffers:         1526180 kB
Cached:          1795932 kB
SwapCached:            0 kB
Active:          1724768 kB
Inactive:        4522576 kB
Active(anon):    1475728 kB
Inactive(anon):  1450616 kB
Active(file):     249040 kB
Inactive(file):  3071960 kB
Unevictable:           0 kB
Mlocked:               0 kB
SwapTotal:       1048572 kB
SwapFree:        1048304 kB
Zswap:                 0 kB
Zswapped:              0 kB
Dirty:             40876 kB
Writeback:             0 kB
AnonPages:       2849580 kB
Mapped:           219256 kB
Shmem:              1080 kB
KReclaimable:    1276660 kB
Slab:            1398544 kB
SReclaimable:    1276660 kB
SUnreclaim:       121884 kB
KernelStack:       12080 kB
PageTables:        15632 kB
SecPageTables:         0 kB
NFS_Unstable:          0 kB
Bounce:                0 kB
WritebackTmp:          0 kB
CommitLimit:     5061284 kB
Committed_AS:    9378288 kB
VmallocTotal:   135288315904 kB
VmallocUsed:        6120 kB
VmallocChunk:          0 kB
Percpu:             5000 kB
AnonHugePages:   1456128 kB
ShmemHugePages:        0 kB
ShmemPmdMapped:        0 kB
FileHugePages:         0 kB
FilePmdMapped:         0 kB
HugePages_Total:       0
HugePages_Free:        0
HugePages_Rsvd:        0
HugePages_Surp:        0
Hugepagesize:       2048 kB
Hugetlb:               0 kB

=== 2025-12-11 09:26:18 (Iteration 61, 15 min) ===
MemTotal:        8025424 kB
MemFree:          222984 kB
MemAvailable:    4654632 kB
Buffers:         1532644 kB
Cached:          1825552 kB
SwapCached:            0 kB
Active:          1734548 kB
Inactive:        4552548 kB
Active(anon):    1485508 kB
Inactive(anon):  1444472 kB
Active(file):     249040 kB
Inactive(file):  3108076 kB
Unevictable:           0 kB
Mlocked:               0 kB
SwapTotal:       1048572 kB
SwapFree:        1048304 kB
Zswap:                 0 kB
Zswapped:              0 kB
Dirty:             19388 kB
Writeback:             0 kB
AnonPages:       2849076 kB
Mapped:           219232 kB
Shmem:              1080 kB
KReclaimable:    1277504 kB
Slab:            1399296 kB
SReclaimable:    1277504 kB
SUnreclaim:       121792 kB
KernelStack:       12096 kB
PageTables:        15532 kB
SecPageTables:         0 kB
NFS_Unstable:          0 kB
Bounce:                0 kB
WritebackTmp:          0 kB
CommitLimit:     5061284 kB
Committed_AS:    9094868 kB
VmallocTotal:   135288315904 kB
VmallocUsed:        6120 kB
VmallocChunk:          0 kB
Percpu:             5000 kB
AnonHugePages:   1452032 kB
ShmemHugePages:        0 kB
ShmemPmdMapped:        0 kB
FileHugePages:         0 kB
FilePmdMapped:         0 kB
HugePages_Total:       0
HugePages_Free:        0
HugePages_Rsvd:        0
HugePages_Surp:        0
Hugepagesize:       2048 kB
Hugetlb:               0 kB

=== 2025-12-11 09:26:35 (Iteration 62, 16 min) ===
MemTotal:        8025424 kB
MemFree:          230400 kB
MemAvailable:    4637464 kB
Buffers:         1498816 kB
Cached:          1835764 kB
SwapCached:            0 kB
Active:          1751160 kB
Inactive:        4504548 kB
Active(anon):    1493632 kB
Inactive(anon):  1428652 kB
Active(file):     257528 kB
Inactive(file):  3075896 kB
Unevictable:           0 kB
Mlocked:               0 kB
SwapTotal:       1048572 kB
SwapFree:        1048304 kB
Zswap:                 0 kB
Zswapped:              0 kB
Dirty:             45908 kB
Writeback:             0 kB
AnonPages:       2843812 kB
Mapped:           218488 kB
Shmem:              1080 kB
KReclaimable:    1276612 kB
Slab:            1397892 kB
SReclaimable:    1276612 kB
SUnreclaim:       121280 kB
KernelStack:       12064 kB
PageTables:        15520 kB
SecPageTables:         0 kB
NFS_Unstable:          0 kB
Bounce:                0 kB
WritebackTmp:          0 kB
CommitLimit:     5061284 kB
Committed_AS:    8524232 kB
VmallocTotal:   135288315904 kB
VmallocUsed:        6120 kB
VmallocChunk:          0 kB
Percpu:             5000 kB
AnonHugePages:   1456128 kB
ShmemHugePages:        0 kB
ShmemPmdMapped:        0 kB
FileHugePages:         0 kB
FilePmdMapped:         0 kB
HugePages_Total:       0
HugePages_Free:        0
HugePages_Rsvd:        0
HugePages_Surp:        0
Hugepagesize:       2048 kB
Hugetlb:               0 kB

=== 2025-12-11 09:26:51 (Iteration 63, 16 min) ===
MemTotal:        8025424 kB
MemFree:          257728 kB
MemAvailable:    4654764 kB
Buffers:         1477992 kB
Cached:          1849168 kB
SwapCached:            0 kB
Active:          1780792 kB
Inactive:        4471416 kB
Active(anon):    1502004 kB
Inactive(anon):  1424140 kB
Active(file):     278788 kB
Inactive(file):  3047276 kB
Unevictable:           0 kB
Mlocked:               0 kB
SwapTotal:       1048572 kB
SwapFree:        1048304 kB
Zswap:                 0 kB
Zswapped:              0 kB
Dirty:             21044 kB
Writeback:            88 kB
AnonPages:       2847788 kB
Mapped:           218076 kB
Shmem:              1088 kB
KReclaimable:    1273944 kB
Slab:            1394816 kB
SReclaimable:    1273944 kB
SUnreclaim:       120872 kB
KernelStack:       12080 kB
PageTables:        15472 kB
SecPageTables:         0 kB
NFS_Unstable:          0 kB
Bounce:                0 kB
WritebackTmp:          0 kB
CommitLimit:     5061284 kB
Committed_AS:    8523212 kB
VmallocTotal:   135288315904 kB
VmallocUsed:        6120 kB
VmallocChunk:          0 kB
Percpu:             5000 kB
AnonHugePages:   1456128 kB
ShmemHugePages:        0 kB
ShmemPmdMapped:        0 kB
FileHugePages:         0 kB
FilePmdMapped:         0 kB
HugePages_Total:       0
HugePages_Free:        0
HugePages_Rsvd:        0
HugePages_Surp:        0
Hugepagesize:       2048 kB
Hugetlb:               0 kB

=== 2025-12-11 09:27:06 (Iteration 64, 16 min) ===
MemTotal:        8025424 kB
MemFree:          163536 kB
MemAvailable:    4541276 kB
Buffers:         1457836 kB
Cached:          1853608 kB
SwapCached:            0 kB
Active:          1909304 kB
Inactive:        4450948 kB
Active(anon):    1616536 kB
Inactive(anon):  1433276 kB
Active(file):     292768 kB
Inactive(file):  3017672 kB
Unevictable:           0 kB
Mlocked:               0 kB
SwapTotal:       1048572 kB
SwapFree:        1048304 kB
Zswap:                 0 kB
Zswapped:              0 kB
Dirty:             42168 kB
Writeback:             0 kB
AnonPages:       2970652 kB
Mapped:           218272 kB
Shmem:              1108 kB
KReclaimable:    1270272 kB
Slab:            1391720 kB
SReclaimable:    1270272 kB
SUnreclaim:       121448 kB
KernelStack:       12752 kB
PageTables:        15980 kB
SecPageTables:         0 kB
NFS_Unstable:          0 kB
Bounce:                0 kB
WritebackTmp:          0 kB
CommitLimit:     5061284 kB
Committed_AS:    9120124 kB
VmallocTotal:   135288315904 kB
VmallocUsed:        6120 kB
VmallocChunk:          0 kB
Percpu:             5000 kB
AnonHugePages:   1458176 kB
ShmemHugePages:        0 kB
ShmemPmdMapped:        0 kB
FileHugePages:         0 kB
FilePmdMapped:         0 kB
HugePages_Total:       0
HugePages_Free:        0
HugePages_Rsvd:        0
HugePages_Surp:        0
Hugepagesize:       2048 kB
Hugetlb:               0 kB

=== 2025-12-11 09:27:21 (Iteration 65, 16 min) ===
MemTotal:        8025424 kB
MemFree:          213700 kB
MemAvailable:    4633852 kB
Buffers:         1464412 kB
Cached:          1889396 kB
SwapCached:            0 kB
Active:          1808468 kB
Inactive:        4493000 kB
Active(anon):    1515608 kB
Inactive(anon):  1433276 kB
Active(file):     292860 kB
Inactive(file):  3059724 kB
Unevictable:           0 kB
Mlocked:               0 kB
SwapTotal:       1048572 kB
SwapFree:        1048304 kB
Zswap:                 0 kB
Zswapped:              0 kB
Dirty:             33632 kB
Writeback:           112 kB
AnonPages:       2869528 kB
Mapped:           218408 kB
Shmem:              1100 kB
KReclaimable:    1270540 kB
Slab:            1392384 kB
SReclaimable:    1270540 kB
SUnreclaim:       121844 kB
KernelStack:       12688 kB
PageTables:        16004 kB
SecPageTables:         0 kB
NFS_Unstable:          0 kB
Bounce:                0 kB
WritebackTmp:          0 kB
CommitLimit:     5061284 kB
Committed_AS:    9039144 kB
VmallocTotal:   135288315904 kB
VmallocUsed:        6120 kB
VmallocChunk:          0 kB
Percpu:             5000 kB
AnonHugePages:   1456128 kB
ShmemHugePages:        0 kB
ShmemPmdMapped:        0 kB
FileHugePages:         0 kB
FilePmdMapped:         0 kB
HugePages_Total:       0
HugePages_Free:        0
HugePages_Rsvd:        0
HugePages_Surp:        0
Hugepagesize:       2048 kB
Hugetlb:               0 kB

=== 2025-12-11 09:27:37 (Iteration 66, 17 min) ===
MemTotal:        8025424 kB
MemFree:          224568 kB
MemAvailable:    4651680 kB
Buffers:         1448496 kB
Cached:          1913492 kB
SwapCached:            0 kB
Active:          1787132 kB
Inactive:        4501204 kB
Active(anon):    1494144 kB
Inactive(anon):  1433272 kB
Active(file):     292988 kB
Inactive(file):  3067932 kB
Unevictable:           0 kB
Mlocked:               0 kB
SwapTotal:       1048572 kB
SwapFree:        1048304 kB
Zswap:                 0 kB
Zswapped:              0 kB
Dirty:             62440 kB
Writeback:            16 kB
AnonPages:       2848108 kB
Mapped:           219232 kB
Shmem:              1092 kB
KReclaimable:    1269164 kB
Slab:            1390880 kB
SReclaimable:    1269164 kB
SUnreclaim:       121716 kB
KernelStack:       12176 kB
PageTables:        15524 kB
SecPageTables:         0 kB
NFS_Unstable:          0 kB
Bounce:                0 kB
WritebackTmp:          0 kB
CommitLimit:     5061284 kB
Committed_AS:    9509644 kB
VmallocTotal:   135288315904 kB
VmallocUsed:        6120 kB
VmallocChunk:          0 kB
Percpu:             5000 kB
AnonHugePages:   1456128 kB
ShmemHugePages:        0 kB
ShmemPmdMapped:        0 kB
FileHugePages:         0 kB
FilePmdMapped:         0 kB
HugePages_Total:       0
HugePages_Free:        0
HugePages_Rsvd:        0
HugePages_Surp:        0
Hugepagesize:       2048 kB
Hugetlb:               0 kB

=== 2025-12-11 09:27:53 (Iteration 67, 17 min) ===
MemTotal:        8025424 kB
MemFree:          234648 kB
MemAvailable:    4651744 kB
Buffers:         1430368 kB
Cached:          1925384 kB
SwapCached:            0 kB
Active:          1810360 kB
Inactive:        4474968 kB
Active(anon):    1502256 kB
Inactive(anon):  1428648 kB
Active(file):     308104 kB
Inactive(file):  3046320 kB
Unevictable:           0 kB
Mlocked:               0 kB
SwapTotal:       1048572 kB
SwapFree:        1048304 kB
Zswap:                 0 kB
Zswapped:              0 kB
Dirty:             31872 kB
Writeback:             0 kB
AnonPages:       2849500 kB
Mapped:           219148 kB
Shmem:              1084 kB
KReclaimable:    1265644 kB
Slab:            1386620 kB
SReclaimable:    1265644 kB
SUnreclaim:       120976 kB
KernelStack:       12192 kB
PageTables:        15880 kB
SecPageTables:         0 kB
NFS_Unstable:          0 kB
Bounce:                0 kB
WritebackTmp:          0 kB
CommitLimit:     5061284 kB
Committed_AS:    9510780 kB
VmallocTotal:   135288315904 kB
VmallocUsed:        6120 kB
VmallocChunk:          0 kB
Percpu:             5000 kB
AnonHugePages:   1454080 kB
ShmemHugePages:        0 kB
ShmemPmdMapped:        0 kB
FileHugePages:         0 kB
FilePmdMapped:         0 kB
HugePages_Total:       0
HugePages_Free:        0
HugePages_Rsvd:        0
HugePages_Surp:        0
Hugepagesize:       2048 kB
Hugetlb:               0 kB

=== 2025-12-11 09:28:09 (Iteration 68, 17 min) ===
MemTotal:        8025424 kB
MemFree:          219804 kB
MemAvailable:    4629448 kB
Buffers:         1413516 kB
Cached:          1937456 kB
SwapCached:            0 kB
Active:          1827836 kB
Inactive:        4450916 kB
Active(anon):    1504468 kB
Inactive(anon):  1424508 kB
Active(file):     323368 kB
Inactive(file):  3026408 kB
Unevictable:           0 kB
Mlocked:               0 kB
SwapTotal:       1048572 kB
SwapFree:        1048304 kB
Zswap:                 0 kB
Zswapped:              0 kB
Dirty:             63836 kB
Writeback:             0 kB
AnonPages:       2847184 kB
Mapped:           218036 kB
Shmem:              1084 kB
KReclaimable:    1262840 kB
Slab:            1384456 kB
SReclaimable:    1262840 kB
SUnreclaim:       121616 kB
KernelStack:       12192 kB
PageTables:        15188 kB
SecPageTables:         0 kB
NFS_Unstable:          0 kB
Bounce:                0 kB
WritebackTmp:          0 kB
CommitLimit:     5061284 kB
Committed_AS:    8654604 kB
VmallocTotal:   135288315904 kB
VmallocUsed:        6120 kB
VmallocChunk:          0 kB
Percpu:             5000 kB
AnonHugePages:   1454080 kB
ShmemHugePages:        0 kB
ShmemPmdMapped:        0 kB
FileHugePages:         0 kB
FilePmdMapped:         0 kB
HugePages_Total:       0
HugePages_Free:        0
HugePages_Rsvd:        0
HugePages_Surp:        0
Hugepagesize:       2048 kB
Hugetlb:               0 kB

=== 2025-12-11 09:28:24 (Iteration 69, 18 min) ===
MemTotal:        8025424 kB
MemFree:          229152 kB
MemAvailable:    4631160 kB
Buffers:         1396324 kB
Cached:          1947364 kB
SwapCached:            0 kB
Active:          1844864 kB
Inactive:        4424692 kB
Active(anon):    1506324 kB
Inactive(anon):  1420412 kB
Active(file):     338540 kB
